
U-Boot SPL 2021.01-00002-gc17010150c (Feb 20 2021 - 12:45:37 +0200)
Trying to boot from MMC1


U-Boot 2021.01-00002-gc17010150c (Feb 20 2021 - 12:45:37 +0200)

CPU  : AM335X-GP rev 2.1
Model: TI AM335x BeagleBone Black
DRAM:  512 MiB
MMC:   OMAP SD/MMC: 0, OMAP SD/MMC: 1
Loading Environment from FAT... OK
Net:   eth2: ethernet@4a100000, eth3: usb_ether
Hit any key to stop autoboot:  2  1  0 
ethernet@4a100000 Waiting for PHY auto negotiation to complete.. done
link up on port 0, speed 100, full duplex
Using ethernet@4a100000 device
TFTP from server 192.168.0.1; our IP address is 192.168.0.100
Filename 'zImage'.
Load address: 0x82000000
Loading: *#################################################################
	 #################################################################
	 #################################################################
	 #################################################################
	 #################################################################
	 #################################################################
	 #################################################################
	 #################################################################
	 #################################################################
	 ######################
	 4.1 MiB/s
done
Bytes transferred = 8909312 (87f200 hex)
link up on port 0, speed 100, full duplex
Using ethernet@4a100000 device
TFTP from server 192.168.0.1; our IP address is 192.168.0.100
Filename 'am335x-boneblack.dtb'.
Load address: 0x88000000
Loading: *###
	 3.7 MiB/s
done
Bytes transferred = 34782 (87de hex)
## Flattened Device Tree blob at 88000000
   Booting using the fdt blob at 0x88000000
   Loading Device Tree to 8fff4000, end 8ffff7dd ... OK

Starting kernel ...

[    0.000000] Booting Linux on physical CPU 0x0
[    0.000000] Linux version 4.19.176 (den@notApc) (gcc version 8.3.0 (GNU Toolchain for the A-profile Architecture 8.3-2019.03 (arm-rel-8.36))) #2 SMP Wed Feb 24 16:40:30 EET 2021
[    0.000000] CPU: ARMv7 Processor [413fc082] revision 2 (ARMv7), cr=10c5387d
[    0.000000] CPU: PIPT / VIPT nonaliasing data cache, VIPT aliasing instruction cache
[    0.000000] OF: fdt: Machine model: TI AM335x BeagleBone Black
[    0.000000] Memory policy: Data cache writeback
[    0.000000] efi: Getting EFI parameters from FDT:
[    0.000000] efi: UEFI not found.
[    0.000000] cma: Reserved 64 MiB at 0x9b800000
[    0.000000] CPU: All CPU(s) started in SVC mode.
[    0.000000] AM335X ES2.1 (sgx neon)
[    0.000000] random: get_random_bytes called from start_kernel+0x9c/0x47c with crng_init=0
[    0.000000] percpu: Embedded 16 pages/cpu s36172 r8192 d21172 u65536
[    0.000000] Built 1 zonelists, mobility grouping on.  Total pages: 129540
[    0.000000] Kernel command line: console=ttyO0,115200n8 root=/dev/nfs nfsroot=192.168.0.1:/srv/nfs/busybox,nolock,nfsvers=3 rw ip=192.168.0.100
[    0.000000] Dentry cache hash table entries: 65536 (order: 6, 262144 bytes)
[    0.000000] Inode-cache hash table entries: 32768 (order: 5, 131072 bytes)
[    0.000000] Memory: 430380K/522240K available (12288K kernel code, 1618K rwdata, 4780K rodata, 2048K init, 394K bss, 26324K reserved, 65536K cma-reserved, 0K highmem)
[    0.000000] Virtual kernel memory layout:
[    0.000000]     vector  : 0xffff0000 - 0xffff1000   (   4 kB)
[    0.000000]     fixmap  : 0xffc00000 - 0xfff00000   (3072 kB)
[    0.000000]     vmalloc : 0xe0000000 - 0xff800000   ( 504 MB)
[    0.000000]     lowmem  : 0xc0000000 - 0xdfe00000   ( 510 MB)
[    0.000000]     pkmap   : 0xbfe00000 - 0xc0000000   (   2 MB)
[    0.000000]     modules : 0xbf000000 - 0xbfe00000   (  14 MB)
[    0.000000]       .text : 0x(ptrval) - 0x(ptrval)   (13280 kB)
[    0.000000]       .init : 0x(ptrval) - 0x(ptrval)   (2048 kB)
[    0.000000]       .data : 0x(ptrval) - 0x(ptrval)   (1619 kB)
[    0.000000]        .bss : 0x(ptrval) - 0x(ptrval)   ( 395 kB)
[    0.000000] SLUB: HWalign=64, Order=0-3, MinObjects=0, CPUs=1, Nodes=1
[    0.000000] rcu: Hierarchical RCU implementation.
[    0.000000] rcu: 	RCU event tracing is enabled.
[    0.000000] rcu: 	RCU restricting CPUs from NR_CPUS=16 to nr_cpu_ids=1.
[    0.000000] rcu: Adjusting geometry for rcu_fanout_leaf=16, nr_cpu_ids=1
[    0.000000] NR_IRQS: 16, nr_irqs: 16, preallocated irqs: 16
[    0.000000] IRQ: Found an INTC at 0x(ptrval) (revision 5.0) with 128 interrupts
[    0.000000] OMAP clockevent source: timer2 at 24000000 Hz
[    0.000014] sched_clock: 32 bits at 24MHz, resolution 41ns, wraps every 89478484971ns
[    0.000034] clocksource: timer1: mask: 0xffffffff max_cycles: 0xffffffff, max_idle_ns: 79635851949 ns
[    0.000045] OMAP clocksource: timer1 at 24000000 Hz
[    0.003778] timer_probe: no matching timers found
[    0.003974] Console: colour dummy device 80x30
[    0.004034] Calibrating delay loop... 996.14 BogoMIPS (lpj=4980736)
[    0.089193] pid_max: default: 32768 minimum: 301
[    0.089353] Mount-cache hash table entries: 1024 (order: 0, 4096 bytes)
[    0.089366] Mountpoint-cache hash table entries: 1024 (order: 0, 4096 bytes)
[    0.090007] CPU: Testing write buffer coherency: ok
[    0.090068] CPU0: Spectre v2: using BPIALL workaround
[    0.090421] CPU0: thread -1, cpu 0, socket -1, mpidr 0
[    0.091006] Setting up static identity map for 0x80300000 - 0x803000a0
[    0.092407] rcu: Hierarchical SRCU implementation.
[    0.095229] EFI services will not be available.
[    0.095406] smp: Bringing up secondary CPUs ...
[    0.095420] smp: Brought up 1 node, 1 CPU
[    0.095430] SMP: Total of 1 processors activated (996.14 BogoMIPS).
[    0.095438] CPU: All CPU(s) started in SVC mode.
[    0.096813] devtmpfs: initialized
[    0.104198] VFP support v0.3: implementor 41 architecture 3 part 30 variant c rev 3
[    0.104701] clocksource: jiffies: mask: 0xffffffff max_cycles: 0xffffffff, max_idle_ns: 19112604462750000 ns
[    0.104732] futex hash table entries: 256 (order: 2, 16384 bytes)
[    0.108670] pinctrl core: initialized pinctrl subsystem
[    0.110690] DMI not present or invalid.
[    0.111141] NET: Registered protocol family 16
[    0.113554] DMA: preallocated 256 KiB pool for atomic coherent allocations
[    0.140111] l4_wkup_cm:clk:0010:0: failed to disable
[    0.193882] cpuidle: using governor menu
[    0.201397] OMAP GPIO hardware version 0.1
[    0.213658] No ATAGs?
[    0.213669] hw-breakpoint: debug architecture 0x4 unsupported.
[    0.218989] Serial: AMBA PL011 UART driver
[    0.237753] edma 49000000.edma: TI EDMA DMA engine driver
[    0.241505] vgaarb: loaded
[    0.242344] SCSI subsystem initialized
[    0.242936] usbcore: registered new interface driver usbfs
[    0.242993] usbcore: registered new interface driver hub
[    0.243038] usbcore: registered new device driver usb
[    0.244620] pps_core: LinuxPPS API ver. 1 registered
[    0.244633] pps_core: Software ver. 5.3.6 - Copyright 2005-2007 Rodolfo Giometti <giometti@linux.it>
[    0.244655] PTP clock support registered
[    0.244826] EDAC MC: Ver: 3.0.0
[    0.247670] clocksource: Switched to clocksource timer1
[    0.312481] NET: Registered protocol family 2
[    0.313107] tcp_listen_portaddr_hash hash table entries: 512 (order: 0, 6144 bytes)
[    0.313135] TCP established hash table entries: 4096 (order: 2, 16384 bytes)
[    0.313179] TCP bind hash table entries: 4096 (order: 3, 32768 bytes)
[    0.313239] TCP: Hash tables configured (established 4096 bind 4096)
[    0.313343] UDP hash table entries: 256 (order: 1, 8192 bytes)
[    0.313368] UDP-Lite hash table entries: 256 (order: 1, 8192 bytes)
[    0.313500] NET: Registered protocol family 1
[    0.314159] RPC: Registered named UNIX socket transport module.
[    0.314174] RPC: Registered udp transport module.
[    0.314181] RPC: Registered tcp transport module.
[    0.314188] RPC: Registered tcp NFSv4.1 backchannel transport module.
[    0.315351] hw perfevents: enabled with armv7_cortex_a8 PMU driver, 5 counters available
[    0.317798] Initialise system trusted keyrings
[    0.318137] workingset: timestamp_bits=30 max_order=17 bucket_order=0
[    0.324871] squashfs: version 4.0 (2009/01/31) Phillip Lougher
[    0.325741] NFS: Registering the id_resolver key type
[    0.325783] Key type id_resolver registered
[    0.325791] Key type id_legacy registered
[    0.325833] ntfs: driver 2.1.32 [Flags: R/O].
[    0.328048] Key type asymmetric registered
[    0.328069] Asymmetric key parser 'x509' registered
[    0.328139] Block layer SCSI generic (bsg) driver version 0.4 loaded (major 246)
[    0.328152] io scheduler noop registered
[    0.328160] io scheduler deadline registered
[    0.328356] io scheduler cfq registered (default)
[    0.328368] io scheduler mq-deadline registered
[    0.328376] io scheduler kyber registered
[    0.334177] pinctrl-single 44e10800.pinmux: 142 pins, size 568
[    0.400052] Serial: 8250/16550 driver, 4 ports, IRQ sharing enabled
[    0.403493] SuperH (H)SCI(F) driver initialized
[    0.404375] msm_serial: driver initialized
[    0.404687] omap_uart 44e09000.serial: no wakeirq for uart0
[    0.404781] 44e09000.serial: ttyO0 at MMIO 0x44e09000 (irq = 30, base_baud = 3000000) is a OMAP UART0
[    1.092089] console [ttyO0] enabled
[    1.096368] STMicroelectronics ASC driver initialized
[    1.102736] STM32 USART driver initialized
[    1.108540] omap_rng 48310000.rng: Random Number Generator ver. 20
[    1.120845] random: fast init done
[    1.124534] random: crng init done
[    1.138196] brd: module loaded
[    1.149003] loop: module loaded
[    1.161194] libphy: Fixed MDIO Bus: probed
[    1.166588] CAN device driver interface
[    1.171649] bgmac_bcma: Broadcom 47xx GBit MAC driver loaded
[    1.178628] e1000e: Intel(R) PRO/1000 Network Driver - 3.2.6-k
[    1.184744] e1000e: Copyright(c) 1999 - 2015 Intel Corporation.
[    1.191053] igb: Intel(R) Gigabit Ethernet Network Driver - version 5.4.0-k
[    1.198368] igb: Copyright (c) 2007-2014 Intel Corporation.
[    1.277745] davinci_mdio 4a101000.mdio: davinci mdio revision 1.6, bus freq 1000000
[    1.285785] davinci_mdio 4a101000.mdio: detected phy mask fffffffe
[    1.293460] libphy: 4a101000.mdio: probed
[    1.297767] davinci_mdio 4a101000.mdio: phy[0]: device 4a101000.mdio:00, driver SMSC LAN8710/LAN8720
[    1.309805] cpsw 4a100000.ethernet: Detected MACID = 38:d2:69:9a:45:60
[    1.316890] cpsw 4a100000.ethernet: initialized cpsw ale version 1.4
[    1.323672] cpsw 4a100000.ethernet: ALE Table size 1024
[    1.330943] pegasus: v0.9.3 (2013/04/25), Pegasus/Pegasus II USB Ethernet driver
[    1.338893] usbcore: registered new interface driver pegasus
[    1.344882] usbcore: registered new interface driver asix
[    1.350615] usbcore: registered new interface driver ax88179_178a
[    1.357030] usbcore: registered new interface driver cdc_ether
[    1.363210] usbcore: registered new interface driver smsc75xx
[    1.369292] usbcore: registered new interface driver smsc95xx
[    1.375339] usbcore: registered new interface driver net1080
[    1.381322] usbcore: registered new interface driver cdc_subset
[    1.387551] usbcore: registered new interface driver zaurus
[    1.393466] usbcore: registered new interface driver cdc_ncm
[    1.401820] ehci_hcd: USB 2.0 'Enhanced' Host Controller (EHCI) Driver
[    1.408742] ehci-pci: EHCI PCI platform driver
[    1.413456] ehci-platform: EHCI generic platform driver
[    1.419194] ehci-omap: OMAP-EHCI Host Controller driver
[    1.424813] ehci-orion: EHCI orion driver
[    1.429222] SPEAr-ehci: EHCI SPEAr driver
[    1.433555] ehci-st: EHCI STMicroelectronics driver
[    1.438838] ehci-exynos: EHCI EXYNOS driver
[    1.443346] ehci-atmel: EHCI Atmel driver
[    1.447700] tegra-ehci: Tegra EHCI driver
[    1.452062] ohci_hcd: USB 1.1 'Open' Host Controller (OHCI) Driver
[    1.458611] ohci-pci: OHCI PCI platform driver
[    1.463336] ohci-platform: OHCI generic platform driver
[    1.469059] SPEAr-ohci: OHCI SPEAr driver
[    1.473404] ohci-st: OHCI STMicroelectronics driver
[    1.478692] ohci-atmel: OHCI Atmel driver
[    1.483594] usbcore: registered new interface driver usb-storage
[    1.490061] usbcore: registered new interface driver usbserial_generic
[    1.496925] usbserial: USB Serial support registered for generic
[    1.503279] usbcore: registered new interface driver ftdi_sio
[    1.509340] usbserial: USB Serial support registered for FTDI USB Serial Device
[    1.517024] usbcore: registered new interface driver pl2303
[    1.522901] usbserial: USB Serial support registered for pl2303
[    1.529153] usbcore: registered new interface driver usb_serial_simple
[    1.536010] usbserial: USB Serial support registered for carelink
[    1.542432] usbserial: USB Serial support registered for zio
[    1.548400] usbserial: USB Serial support registered for funsoft
[    1.554709] usbserial: USB Serial support registered for flashloader
[    1.561402] usbserial: USB Serial support registered for google
[    1.567648] usbserial: USB Serial support registered for libtransistor
[    1.574503] usbserial: USB Serial support registered for vivopay
[    1.580832] usbserial: USB Serial support registered for moto_modem
[    1.587415] usbserial: USB Serial support registered for motorola_tetra
[    1.594384] usbserial: USB Serial support registered for novatel_gps
[    1.601077] usbserial: USB Serial support registered for hp4x
[    1.607113] usbserial: USB Serial support registered for suunto
[    1.613350] usbserial: USB Serial support registered for siemens_mpi
[    1.625774] am335x-phy-driver 47401300.usb-phy: 47401300.usb-phy supply vcc not found, using dummy regulator
[    1.636328] am335x-phy-driver 47401300.usb-phy: Linked as a consumer to regulator.0
[    1.649946] am335x-phy-driver 47401b00.usb-phy: 47401b00.usb-phy supply vcc not found, using dummy regulator
[    1.660490] am335x-phy-driver 47401b00.usb-phy: Linked as a consumer to regulator.0
[    1.686364] i2c /dev entries driver
[    1.703263] sdhci: Secure Digital Host Controller Interface driver
[    1.709841] sdhci: Copyright(c) Pierre Ossman
[    1.715637] omap_gpio 44e07000.gpio: Could not set line 6 debounce to 200000 microseconds (-22)
[    1.724837] omap_hsmmc 48060000.mmc: Got CD GPIO
[    1.730219] omap_hsmmc 48060000.mmc: Linked as a consumer to regulator.1
[    1.761578] omap_hsmmc 481d8000.mmc: Linked as a consumer to regulator.1
[    1.794205] Synopsys Designware Multimedia Card Interface Driver
[    1.802043] sdhci-pltfm: SDHCI platform and OF driver helper
[    1.811874] ledtrig-cpu: registered to indicate activity on CPUs
[    1.819799] usbcore: registered new interface driver usbhid
[    1.825645] usbhid: USB HID core driver
[    1.834544] NET: Registered protocol family 10
[    1.840924] Segment Routing with IPv6
[    1.844847] sit: IPv6, IPv4 and MPLS over IPv4 tunneling driver
[    1.851854] NET: Registered protocol family 17
[    1.856573] can: controller area network core (rev 20170425 abi 9)
[    1.863180] NET: Registered protocol family 29
[    1.867865] can: raw protocol (rev 20170425)
[    1.872338] can: broadcast manager protocol (rev 20170425 t)
[    1.878289] can: netlink gateway (rev 20170425) max_hops=1
[    1.884714] Key type dns_resolver registered
[    1.889458] ThumbEE CPU extension supported.
[    1.893946] Registering SWP/SWPB emulation handler
[    1.899009] omap_voltage_late_init: Voltage driver support not added
[    1.907712] Loading compiled-in X.509 certificates
[    1.930190] mmc0: host does not support reading read-only switch, assuming write-enable
[    1.940641] mmc0: new high speed SDHC card at address 1234
[    1.947490] mmcblk0: mmc0:1234 SA08G 7.25 GiB 
[    1.955295]  mmcblk0: p1 p2
[    1.974265] tps65217 0-0024: TPS65217 ID 0xe version 1.2
[    1.980880] at24 0-0050: 32768 byte 24c256 EEPROM, writable, 1 bytes/write
[    1.988596] omap_i2c 44e0b000.i2c: bus 0 rev0.11 at 400 kHz
[    2.000241] mmc1: new high speed MMC card at address 0001
[    2.006964] mmcblk1: mmc1:0001 M62704 3.56 GiB 
[    2.012339] mmcblk1boot0: mmc1:0001 M62704 partition 1 2.00 MiB
[    2.019121] mmcblk1boot1: mmc1:0001 M62704 partition 2 2.00 MiB
[    2.025723] mmcblk1rpmb: mmc1:0001 M62704 partition 3 512 KiB, chardev (234:0)
[    2.038926]  mmcblk1: p1 p2
[    2.120096] omap_i2c 4819c000.i2c: bus 2 rev0.11 at 100 kHz
[    2.139519] musb-hdrc musb-hdrc.1: MUSB HDRC host driver
[    2.145128] musb-hdrc musb-hdrc.1: new USB bus registered, assigned bus number 1
[    2.153288] usb usb1: New USB device found, idVendor=1d6b, idProduct=0002, bcdDevice= 4.19
[    2.162008] usb usb1: New USB device strings: Mfr=3, Product=2, SerialNumber=1
[    2.169597] usb usb1: Product: MUSB HDRC host driver
[    2.174797] usb usb1: Manufacturer: Linux 4.19.176 musb-hcd
[    2.180649] usb usb1: SerialNumber: musb-hdrc.1
[    2.186098] hub 1-0:1.0: USB hub found
[    2.190179] hub 1-0:1.0: 1 port detected
[    2.195784] hctosys: unable to open rtc device (rtc0)
[    2.214874] net eth0: initializing cpsw version 1.12 (0)
[    2.318763] SMSC LAN8710/LAN8720 4a101000.mdio:00: attached PHY driver [SMSC LAN8710/LAN8720] (mii_bus:phy_addr=4a101000.mdio:00, irq=POLL)
[    2.337591] IPv6: ADDRCONF(NETDEV_UP): eth0: link is not ready
[    5.458575] cpsw 4a100000.ethernet eth0: Link is Up - 100Mbps/Full - flow control rx/tx
[    5.487691] IPv6: ADDRCONF(NETDEV_CHANGE): eth0: link becomes ready
[    5.517795] IP-Config: Guessing netmask 255.255.255.0
[    5.523093] IP-Config: Complete:
[    5.526476]      device=eth0, hwaddr=38:d2:69:9a:45:60, ipaddr=192.168.0.100, mask=255.255.255.0, gw=255.255.255.255
[    5.537522]      host=192.168.0.100, domain=, nis-domain=(none)
[    5.543738]      bootserver=255.255.255.255, rootserver=192.168.0.1, rootpath=
[    5.562706] VFS: Mounted root (nfs filesystem) on device 0:14.
[    5.569519] devtmpfs: mounted
[    5.575142] Freeing unused kernel memory: 2048K
[    5.588327] Run /sbin/init as init process
ProCamp: rcS executed

Please press Enter to activate this console. 
/ # ls
bin                init               root               tmp
boot               lib                sbin               trouble_module.ko
dev                linuxrc            sys                usr
etc                proc               task4_module.ko
/ # insmod tas/ # insmod task4_module.ko 
[   18.062606] task4_module: loading out-of-tree module taints kernel.
/ # ls
bin                init               root               tmp
boot               lib                sbin               trouble_module.ko
dev                linuxrc            sys                usr
etc                proc               task4_module.ko
/ # cd /sys/kernel/
/sys/kernel # ls
cgroup              kexec_crash_size    task4_folder
config              kexec_loaded        tracing
debug               mm                  uevent_helper
fscaps              notes               uevent_seqnum
iommu_groups        rcu_expedited       vmcoreinfo
irq                 rcu_normal
kexec_crash_loaded  slab
/sys/kernel # cd tas/sys/kernel # cd task4_folder/
/sys/kernel/task4_folder # l
-/bin/sh: l: not found
/sys/kernel/task4_folder # ls
list
/sys/kernel/task4_folder # cat list
0
/sys/kernel/task4_folder # print f 10 > list
/sys/kernel/task4_folder # cat list
10
/sys/kernel/task4_folder # 
U-Boot SPL 2021.01-00002-gc17010150c (Feb 20 2021 - 12:45:37 +0200)
Trying to boot from MMC1


U-Boot 2021.01-00002-gc17010150c (Feb 20 2021 - 12:45:37 +0200)

CPU  : AM335X-GP rev 2.1
Model: TI AM335x BeagleBone Black
DRAM:  512 MiB
MMC:   OMAP SD/MMC: 0, OMAP SD/MMC: 1
Loading Environment from FAT... OK
Net:   eth2: ethernet@4a100000, eth3: usb_ether
Hit any key to stop autoboot:  2  1  0 
ethernet@4a100000 Waiting for PHY auto negotiation to complete.. done
link up on port 0, speed 100, full duplex
Using ethernet@4a100000 device
TFTP from server 192.168.0.1; our IP address is 192.168.0.100
Filename 'zImage'.
Load address: 0x82000000
Loading: *#################################################################
	 #################################################################
	 #################################################################
	 #################################################################
	 #################################################################
	 #################################################################
	 #################################################################
	 #################################################################
	 #################################################################
	 ######################
	 4.1 MiB/s
done
Bytes transferred = 8909312 (87f200 hex)
link up on port 0, speed 100, full duplex
Using ethernet@4a100000 device
TFTP from server 192.168.0.1; our IP address is 192.168.0.100
Filename 'am335x-boneblack.dtb'.
Load address: 0x88000000
Loading: *###
	 3.3 MiB/s
done
Bytes transferred = 34782 (87de hex)
## Flattened Device Tree blob at 88000000
   Booting using the fdt blob at 0x88000000
   Loading Device Tree to 8fff4000, end 8ffff7dd ... OK

Starting kernel ...

[    0.000000] Booting Linux on physical CPU 0x0
[    0.000000] Linux version 4.19.176 (den@notApc) (gcc version 8.3.0 (GNU Toolchain for the A-profile Architecture 8.3-2019.03 (arm-rel-8.36))) #2 SMP Wed Feb 24 16:40:30 EET 2021
[    0.000000] CPU: ARMv7 Processor [413fc082] revision 2 (ARMv7), cr=10c5387d
[    0.000000] CPU: PIPT / VIPT nonaliasing data cache, VIPT aliasing instruction cache
[    0.000000] OF: fdt: Machine model: TI AM335x BeagleBone Black
[    0.000000] Memory policy: Data cache writeback
[    0.000000] efi: Getting EFI parameters from FDT:
[    0.000000] efi: UEFI not found.
[    0.000000] cma: Reserved 64 MiB at 0x9b800000
[    0.000000] CPU: All CPU(s) started in SVC mode.
[    0.000000] AM335X ES2.1 (sgx neon)
[    0.000000] random: get_random_bytes called from start_kernel+0x9c/0x47c with crng_init=0
[    0.000000] percpu: Embedded 16 pages/cpu s36172 r8192 d21172 u65536
[    0.000000] Built 1 zonelists, mobility grouping on.  Total pages: 129540
[    0.000000] Kernel command line: console=ttyO0,115200n8 root=/dev/nfs nfsroot=192.168.0.1:/srv/nfs/busybox,nolock,nfsvers=3 rw ip=192.168.0.100
[    0.000000] Dentry cache hash table entries: 65536 (order: 6, 262144 bytes)
[    0.000000] Inode-cache hash table entries: 32768 (order: 5, 131072 bytes)
[    0.000000] Memory: 430380K/522240K available (12288K kernel code, 1618K rwdata, 4780K rodata, 2048K init, 394K bss, 26324K reserved, 65536K cma-reserved, 0K highmem)
[    0.000000] Virtual kernel memory layout:
[    0.000000]     vector  : 0xffff0000 - 0xffff1000   (   4 kB)
[    0.000000]     fixmap  : 0xffc00000 - 0xfff00000   (3072 kB)
[    0.000000]     vmalloc : 0xe0000000 - 0xff800000   ( 504 MB)
[    0.000000]     lowmem  : 0xc0000000 - 0xdfe00000   ( 510 MB)
[    0.000000]     pkmap   : 0xbfe00000 - 0xc0000000   (   2 MB)
[    0.000000]     modules : 0xbf000000 - 0xbfe00000   (  14 MB)
[    0.000000]       .text : 0x(ptrval) - 0x(ptrval)   (13280 kB)
[    0.000000]       .init : 0x(ptrval) - 0x(ptrval)   (2048 kB)
[    0.000000]       .data : 0x(ptrval) - 0x(ptrval)   (1619 kB)
[    0.000000]        .bss : 0x(ptrval) - 0x(ptrval)   ( 395 kB)
[    0.000000] SLUB: HWalign=64, Order=0-3, MinObjects=0, CPUs=1, Nodes=1
[    0.000000] rcu: Hierarchical RCU implementation.
[    0.000000] rcu: 	RCU event tracing is enabled.
[    0.000000] rcu: 	RCU restricting CPUs from NR_CPUS=16 to nr_cpu_ids=1.
[    0.000000] rcu: Adjusting geometry for rcu_fanout_leaf=16, nr_cpu_ids=1
[    0.000000] NR_IRQS: 16, nr_irqs: 16, preallocated irqs: 16
[    0.000000] IRQ: Found an INTC at 0x(ptrval) (revision 5.0) with 128 interrupts
[    0.000000] OMAP clockevent source: timer2 at 24000000 Hz
[    0.000014] sched_clock: 32 bits at 24MHz, resolution 41ns, wraps every 89478484971ns
[    0.000034] clocksource: timer1: mask: 0xffffffff max_cycles: 0xffffffff, max_idle_ns: 79635851949 ns
[    0.000044] OMAP clocksource: timer1 at 24000000 Hz
[    0.003790] timer_probe: no matching timers found
[    0.003988] Console: colour dummy device 80x30
[    0.004045] Calibrating delay loop... 996.14 BogoMIPS (lpj=4980736)
[    0.089206] pid_max: default: 32768 minimum: 301
[    0.089366] Mount-cache hash table entries: 1024 (order: 0, 4096 bytes)
[    0.089380] Mountpoint-cache hash table entries: 1024 (order: 0, 4096 bytes)
[    0.090022] CPU: Testing write buffer coherency: ok
[    0.090085] CPU0: Spectre v2: using BPIALL workaround
[    0.090447] CPU0: thread -1, cpu 0, socket -1, mpidr 0
[    0.091041] Setting up static identity map for 0x80300000 - 0x803000a0
[    0.092452] rcu: Hierarchical SRCU implementation.
[    0.095263] EFI services will not be available.
[    0.095450] smp: Bringing up secondary CPUs ...
[    0.095463] smp: Brought up 1 node, 1 CPU
[    0.095473] SMP: Total of 1 processors activated (996.14 BogoMIPS).
[    0.095482] CPU: All CPU(s) started in SVC mode.
[    0.096852] devtmpfs: initialized
[    0.104222] VFP support v0.3: implementor 41 architecture 3 part 30 variant c rev 3
[    0.104726] clocksource: jiffies: mask: 0xffffffff max_cycles: 0xffffffff, max_idle_ns: 19112604462750000 ns
[    0.104760] futex hash table entries: 256 (order: 2, 16384 bytes)
[    0.108675] pinctrl core: initialized pinctrl subsystem
[    0.110677] DMI not present or invalid.
[    0.111122] NET: Registered protocol family 16
[    0.113533] DMA: preallocated 256 KiB pool for atomic coherent allocations
[    0.140080] l4_wkup_cm:clk:0010:0: failed to disable
[    0.193871] cpuidle: using governor menu
[    0.201362] OMAP GPIO hardware version 0.1
[    0.213537] No ATAGs?
[    0.213547] hw-breakpoint: debug architecture 0x4 unsupported.
[    0.218864] Serial: AMBA PL011 UART driver
[    0.237615] edma 49000000.edma: TI EDMA DMA engine driver
[    0.241344] vgaarb: loaded
[    0.242184] SCSI subsystem initialized
[    0.242767] usbcore: registered new interface driver usbfs
[    0.242823] usbcore: registered new interface driver hub
[    0.242869] usbcore: registered new device driver usb
[    0.244445] pps_core: LinuxPPS API ver. 1 registered
[    0.244459] pps_core: Software ver. 5.3.6 - Copyright 2005-2007 Rodolfo Giometti <giometti@linux.it>
[    0.244483] PTP clock support registered
[    0.244656] EDAC MC: Ver: 3.0.0
[    0.247484] clocksource: Switched to clocksource timer1
[    0.312250] NET: Registered protocol family 2
[    0.312868] tcp_listen_portaddr_hash hash table entries: 512 (order: 0, 6144 bytes)
[    0.312897] TCP established hash table entries: 4096 (order: 2, 16384 bytes)
[    0.312940] TCP bind hash table entries: 4096 (order: 3, 32768 bytes)
[    0.313000] TCP: Hash tables configured (established 4096 bind 4096)
[    0.313105] UDP hash table entries: 256 (order: 1, 8192 bytes)
[    0.313131] UDP-Lite hash table entries: 256 (order: 1, 8192 bytes)
[    0.313266] NET: Registered protocol family 1
[    0.313925] RPC: Registered named UNIX socket transport module.
[    0.313942] RPC: Registered udp transport module.
[    0.313949] RPC: Registered tcp transport module.
[    0.313955] RPC: Registered tcp NFSv4.1 backchannel transport module.
[    0.315097] hw perfevents: enabled with armv7_cortex_a8 PMU driver, 5 counters available
[    0.317365] Initialise system trusted keyrings
[    0.317852] workingset: timestamp_bits=30 max_order=17 bucket_order=0
[    0.324605] squashfs: version 4.0 (2009/01/31) Phillip Lougher
[    0.325461] NFS: Registering the id_resolver key type
[    0.325504] Key type id_resolver registered
[    0.325511] Key type id_legacy registered
[    0.325552] ntfs: driver 2.1.32 [Flags: R/O].
[    0.327765] Key type asymmetric registered
[    0.327785] Asymmetric key parser 'x509' registered
[    0.327859] Block layer SCSI generic (bsg) driver version 0.4 loaded (major 246)
[    0.327872] io scheduler noop registered
[    0.327880] io scheduler deadline registered
[    0.328071] io scheduler cfq registered (default)
[    0.328082] io scheduler mq-deadline registered
[    0.328090] io scheduler kyber registered
[    0.333879] pinctrl-single 44e10800.pinmux: 142 pins, size 568
[    0.399685] Serial: 8250/16550 driver, 4 ports, IRQ sharing enabled
[    0.403115] SuperH (H)SCI(F) driver initialized
[    0.403997] msm_serial: driver initialized
[    0.404304] omap_uart 44e09000.serial: no wakeirq for uart0
[    0.404396] 44e09000.serial: ttyO0 at MMIO 0x44e09000 (irq = 30, base_baud = 3000000) is a OMAP UART0
[    1.088516] console [ttyO0] enabled
[    1.092766] STMicroelectronics ASC driver initialized
[    1.099139] STM32 USART driver initialized
[    1.104802] omap_rng 48310000.rng: Random Number Generator ver. 20
[    1.117038] random: fast init done
[    1.120799] random: crng init done
[    1.134343] brd: module loaded
[    1.145093] loop: module loaded
[    1.157148] libphy: Fixed MDIO Bus: probed
[    1.162676] CAN device driver interface
[    1.167735] bgmac_bcma: Broadcom 47xx GBit MAC driver loaded
[    1.174646] e1000e: Intel(R) PRO/1000 Network Driver - 3.2.6-k
[    1.180803] e1000e: Copyright(c) 1999 - 2015 Intel Corporation.
[    1.187081] igb: Intel(R) Gigabit Ethernet Network Driver - version 5.4.0-k
[    1.194399] igb: Copyright (c) 2007-2014 Intel Corporation.
[    1.277502] davinci_mdio 4a101000.mdio: davinci mdio revision 1.6, bus freq 1000000
[    1.285545] davinci_mdio 4a101000.mdio: detected phy mask fffffffe
[    1.293213] libphy: 4a101000.mdio: probed
[    1.297432] davinci_mdio 4a101000.mdio: phy[0]: device 4a101000.mdio:00, driver SMSC LAN8710/LAN8720
[    1.309546] cpsw 4a100000.ethernet: Detected MACID = 38:d2:69:9a:45:60
[    1.316626] cpsw 4a100000.ethernet: initialized cpsw ale version 1.4
[    1.323405] cpsw 4a100000.ethernet: ALE Table size 1024
[    1.330633] pegasus: v0.9.3 (2013/04/25), Pegasus/Pegasus II USB Ethernet driver
[    1.338574] usbcore: registered new interface driver pegasus
[    1.344562] usbcore: registered new interface driver asix
[    1.350289] usbcore: registered new interface driver ax88179_178a
[    1.356702] usbcore: registered new interface driver cdc_ether
[    1.362881] usbcore: registered new interface driver smsc75xx
[    1.368961] usbcore: registered new interface driver smsc95xx
[    1.375009] usbcore: registered new interface driver net1080
[    1.380999] usbcore: registered new interface driver cdc_subset
[    1.387228] usbcore: registered new interface driver zaurus
[    1.393139] usbcore: registered new interface driver cdc_ncm
[    1.401510] ehci_hcd: USB 2.0 'Enhanced' Host Controller (EHCI) Driver
[    1.408432] ehci-pci: EHCI PCI platform driver
[    1.413139] ehci-platform: EHCI generic platform driver
[    1.418864] ehci-omap: OMAP-EHCI Host Controller driver
[    1.424483] ehci-orion: EHCI orion driver
[    1.428879] SPEAr-ehci: EHCI SPEAr driver
[    1.433211] ehci-st: EHCI STMicroelectronics driver
[    1.438495] ehci-exynos: EHCI EXYNOS driver
[    1.443000] ehci-atmel: EHCI Atmel driver
[    1.447317] tegra-ehci: Tegra EHCI driver
[    1.451709] ohci_hcd: USB 1.1 'Open' Host Controller (OHCI) Driver
[    1.458254] ohci-pci: OHCI PCI platform driver
[    1.462977] ohci-platform: OHCI generic platform driver
[    1.468697] SPEAr-ohci: OHCI SPEAr driver
[    1.473040] ohci-st: OHCI STMicroelectronics driver
[    1.478333] ohci-atmel: OHCI Atmel driver
[    1.483221] usbcore: registered new interface driver usb-storage
[    1.489686] usbcore: registered new interface driver usbserial_generic
[    1.496549] usbserial: USB Serial support registered for generic
[    1.502899] usbcore: registered new interface driver ftdi_sio
[    1.508959] usbserial: USB Serial support registered for FTDI USB Serial Device
[    1.516643] usbcore: registered new interface driver pl2303
[    1.522518] usbserial: USB Serial support registered for pl2303
[    1.528768] usbcore: registered new interface driver usb_serial_simple
[    1.535625] usbserial: USB Serial support registered for carelink
[    1.542045] usbserial: USB Serial support registered for zio
[    1.548015] usbserial: USB Serial support registered for funsoft
[    1.554325] usbserial: USB Serial support registered for flashloader
[    1.561018] usbserial: USB Serial support registered for google
[    1.567244] usbserial: USB Serial support registered for libtransistor
[    1.574120] usbserial: USB Serial support registered for vivopay
[    1.580447] usbserial: USB Serial support registered for moto_modem
[    1.587030] usbserial: USB Serial support registered for motorola_tetra
[    1.593999] usbserial: USB Serial support registered for novatel_gps
[    1.600692] usbserial: USB Serial support registered for hp4x
[    1.606728] usbserial: USB Serial support registered for suunto
[    1.612963] usbserial: USB Serial support registered for siemens_mpi
[    1.625332] am335x-phy-driver 47401300.usb-phy: 47401300.usb-phy supply vcc not found, using dummy regulator
[    1.635894] am335x-phy-driver 47401300.usb-phy: Linked as a consumer to regulator.0
[    1.649534] am335x-phy-driver 47401b00.usb-phy: 47401b00.usb-phy supply vcc not found, using dummy regulator
[    1.660076] am335x-phy-driver 47401b00.usb-phy: Linked as a consumer to regulator.0
[    1.685900] i2c /dev entries driver
[    1.702798] sdhci: Secure Digital Host Controller Interface driver
[    1.709376] sdhci: Copyright(c) Pierre Ossman
[    1.715154] omap_gpio 44e07000.gpio: Could not set line 6 debounce to 200000 microseconds (-22)
[    1.724308] omap_hsmmc 48060000.mmc: Got CD GPIO
[    1.729656] omap_hsmmc 48060000.mmc: Linked as a consumer to regulator.1
[    1.761393] omap_hsmmc 481d8000.mmc: Linked as a consumer to regulator.1
[    1.794004] Synopsys Designware Multimedia Card Interface Driver
[    1.801878] sdhci-pltfm: SDHCI platform and OF driver helper
[    1.811668] ledtrig-cpu: registered to indicate activity on CPUs
[    1.819589] usbcore: registered new interface driver usbhid
[    1.825435] usbhid: USB HID core driver
[    1.834325] NET: Registered protocol family 10
[    1.840685] Segment Routing with IPv6
[    1.844606] sit: IPv6, IPv4 and MPLS over IPv4 tunneling driver
[    1.851606] NET: Registered protocol family 17
[    1.856322] can: controller area network core (rev 20170425 abi 9)
[    1.862938] NET: Registered protocol family 29
[    1.867623] can: raw protocol (rev 20170425)
[    1.872096] can: broadcast manager protocol (rev 20170425 t)
[    1.878046] can: netlink gateway (rev 20170425) max_hops=1
[    1.884455] Key type dns_resolver registered
[    1.889204] ThumbEE CPU extension supported.
[    1.893672] Registering SWP/SWPB emulation handler
[    1.898736] omap_voltage_late_init: Voltage driver support not added
[    1.907344] Loading compiled-in X.509 certificates
[    1.929868] mmc0: host does not support reading read-only switch, assuming write-enable
[    1.940318] mmc0: new high speed SDHC card at address 1234
[    1.947163] mmcblk0: mmc0:1234 SA08G 7.25 GiB 
[    1.954939]  mmcblk0: p1 p2
[    1.973830] tps65217 0-0024: TPS65217 ID 0xe version 1.2
[    1.980431] at24 0-0050: 32768 byte 24c256 EEPROM, writable, 1 bytes/write
[    1.988153] omap_i2c 44e0b000.i2c: bus 0 rev0.11 at 400 kHz
[    1.999770] mmc1: new high speed MMC card at address 0001
[    2.006485] mmcblk1: mmc1:0001 M62704 3.56 GiB 
[    2.011850] mmcblk1boot0: mmc1:0001 M62704 partition 1 2.00 MiB
[    2.018632] mmcblk1boot1: mmc1:0001 M62704 partition 2 2.00 MiB
[    2.025239] mmcblk1rpmb: mmc1:0001 M62704 partition 3 512 KiB, chardev (234:0)
[    2.038418]  mmcblk1: p1 p2
[    2.120891] omap_i2c 4819c000.i2c: bus 2 rev0.11 at 100 kHz
[    2.140210] musb-hdrc musb-hdrc.1: MUSB HDRC host driver
[    2.145817] musb-hdrc musb-hdrc.1: new USB bus registered, assigned bus number 1
[    2.153994] usb usb1: New USB device found, idVendor=1d6b, idProduct=0002, bcdDevice= 4.19
[    2.162719] usb usb1: New USB device strings: Mfr=3, Product=2, SerialNumber=1
[    2.170307] usb usb1: Product: MUSB HDRC host driver
[    2.175507] usb usb1: Manufacturer: Linux 4.19.176 musb-hcd
[    2.181359] usb usb1: SerialNumber: musb-hdrc.1
[    2.186791] hub 1-0:1.0: USB hub found
[    2.190858] hub 1-0:1.0: 1 port detected
[    2.196436] hctosys: unable to open rtc device (rtc0)
[    2.215517] net eth0: initializing cpsw version 1.12 (0)
[    2.318581] SMSC LAN8710/LAN8720 4a101000.mdio:00: attached PHY driver [SMSC LAN8710/LAN8720] (mii_bus:phy_addr=4a101000.mdio:00, irq=POLL)
[    2.337408] IPv6: ADDRCONF(NETDEV_UP): eth0: link is not ready
[    4.418385] cpsw 4a100000.ethernet eth0: Link is Up - 100Mbps/Full - flow control rx/tx
[    4.437505] IPv6: ADDRCONF(NETDEV_CHANGE): eth0: link becomes ready
[    4.467613] IP-Config: Guessing netmask 255.255.255.0
[    4.472913] IP-Config: Complete:
[    4.476295]      device=eth0, hwaddr=38:d2:69:9a:45:60, ipaddr=192.168.0.100, mask=255.255.255.0, gw=255.255.255.255
[    4.487346]      host=192.168.0.100, domain=, nis-domain=(none)
[    4.493562]      bootserver=255.255.255.255, rootserver=192.168.0.1, rootpath=
[    4.513457] VFS: Mounted root (nfs filesystem) on device 0:14.
[    4.520428] devtmpfs: mounted
[    4.526050] Freeing unused kernel memory: 2048K
[    4.538148] Run /sbin/init as init process
ProCamp: rcS executed

Please press Enter to activate this console. 
/ # ls
bin                init               root               tmp
boot               lib                sbin               trouble_module.ko
dev                linuxrc            sys                usr
etc                proc               task4_module.ko
/ # insmod ta/ # insmod task4_module.ko 
[   14.052918] task4_module: loading out-of-tree module taints kernel.
/ # cd /sys/kernel/
/sys/kernel # ls
cgroup              kexec_crash_size    task4_folder
config              kexec_loaded        tracing
debug               mm                  uevent_helper
fscaps              notes               uevent_seqnum
iommu_groups        rcu_expedited       vmcoreinfo
irq                 rcu_normal
kexec_crash_loaded  slab
/sys/kernel # cd ta/sys/kernel # cd task4_folder/
/sys/kernel/task4_folder # ls
list
/sys/kernel/task4_folder # cat list

/sys/kernel/task4_folder # echo item1 <> list
/sys/kernel/task4_folder # /sys/kernel/task4_folder # echo item1 > list list/sys/kernel/task4_folder # cat list
item1
, 
/sys/kernel/task4_folder # /sys/kernel/task4_folder # cat list/sys/kernel/task4_folder # echo item1 > list > list2 > list > list
/sys/kernel/task4_folder # /sys/kernel/task4_folder # echo item2 > list/sys/kernel/task4_folder # cat list
item2
, 
/sys/kernel/task4_folder # /sys/kernel/task4_folder # cat list/sys/kernel/task4_folder # echo item2 > list/sys/kernel/task4_folder # cat list/sys/kernel/task4_folder # echo item2 > list > list3 > list > list
/sys/kernel/task4_folder # /sys/kernel/task4_folder # echo item3 > list/sys/kernel/task4_folder # cat list/sys/kernel/task4_folder # echo item2 > list/sys/kernel/task4_folder # cat list
item3
, 
/sys/kernel/task4_folder # rmmod cd -
/sys/kernel
/sys/kernel # cd -
/sys/kernel/task4_folder
/sys/kernel/task4_folder # cd -
/sys/kernel
/sys/kernel # cd ../../
/ # ls
bin                init               root               tmp
boot               lib                sbin               trouble_module.ko
dev                linuxrc            sys                usr
etc                proc               task4_module.ko
/ # rmmod tas/ # rmmod task4_module.ko 
/ # 
U-Boot SPL 2021.01-00002-gc17010150c (Feb 20 2021 - 12:45:37 +0200)
Trying to boot from MMC1


U-Boot 2021.01-00002-gc17010150c (Feb 20 2021 - 12:45:37 +0200)

CPU  : AM335X-GP rev 2.1
Model: TI AM335x BeagleBone Black
DRAM:  512 MiB
MMC:   OMAP SD/MMC: 0, OMAP SD/MMC: 1
Loading Environment from FAT... OK
Net:   eth2: ethernet@4a100000, eth3: usb_ether
Hit any key to stop autoboot:  2  1  0 
link up on port 0, speed 100, full duplex
Using ethernet@4a100000 device
TFTP from server 192.168.0.1; our IP address is 192.168.0.100
Filename 'zImage'.
Load address: 0x82000000
Loading: *#################################################################
	 #################################################################
	 #################################################################
	 #################################################################
	 #################################################################
	 #################################################################
	 #################################################################
	 #################################################################
	 #################################################################
	 ######################
	 4.1 MiB/s
done
Bytes transferred = 8909312 (87f200 hex)
link up on port 0, speed 100, full duplex
Using ethernet@4a100000 device
TFTP from server 192.168.0.1; our IP address is 192.168.0.100
Filename 'am335x-boneblack.dtb'.
Load address: 0x88000000
Loading: *###
	 3.7 MiB/s
done
Bytes transferred = 34782 (87de hex)
## Flattened Device Tree blob at 88000000
   Booting using the fdt blob at 0x88000000
   Loading Device Tree to 8fff4000, end 8ffff7dd ... OK

Starting kernel ...

[    0.000000] Booting Linux on physical CPU 0x0
[    0.000000] Linux version 4.19.176 (den@notApc) (gcc version 8.3.0 (GNU Toolchain for the A-profile Architecture 8.3-2019.03 (arm-rel-8.36))) #2 SMP Wed Feb 24 16:40:30 EET 2021
[    0.000000] CPU: ARMv7 Processor [413fc082] revision 2 (ARMv7), cr=10c5387d
[    0.000000] CPU: PIPT / VIPT nonaliasing data cache, VIPT aliasing instruction cache
[    0.000000] OF: fdt: Machine model: TI AM335x BeagleBone Black
[    0.000000] Memory policy: Data cache writeback
[    0.000000] efi: Getting EFI parameters from FDT:
[    0.000000] efi: UEFI not found.
[    0.000000] cma: Reserved 64 MiB at 0x9b800000
[    0.000000] CPU: All CPU(s) started in SVC mode.
[    0.000000] AM335X ES2.1 (sgx neon)
[    0.000000] random: get_random_bytes called from start_kernel+0x9c/0x47c with crng_init=0
[    0.000000] percpu: Embedded 16 pages/cpu s36172 r8192 d21172 u65536
[    0.000000] Built 1 zonelists, mobility grouping on.  Total pages: 129540
[    0.000000] Kernel command line: console=ttyO0,115200n8 root=/dev/nfs nfsroot=192.168.0.1:/srv/nfs/busybox,nolock,nfsvers=3 rw ip=192.168.0.100
[    0.000000] Dentry cache hash table entries: 65536 (order: 6, 262144 bytes)
[    0.000000] Inode-cache hash table entries: 32768 (order: 5, 131072 bytes)
[    0.000000] Memory: 430380K/522240K available (12288K kernel code, 1618K rwdata, 4780K rodata, 2048K init, 394K bss, 26324K reserved, 65536K cma-reserved, 0K highmem)
[    0.000000] Virtual kernel memory layout:
[    0.000000]     vector  : 0xffff0000 - 0xffff1000   (   4 kB)
[    0.000000]     fixmap  : 0xffc00000 - 0xfff00000   (3072 kB)
[    0.000000]     vmalloc : 0xe0000000 - 0xff800000   ( 504 MB)
[    0.000000]     lowmem  : 0xc0000000 - 0xdfe00000   ( 510 MB)
[    0.000000]     pkmap   : 0xbfe00000 - 0xc0000000   (   2 MB)
[    0.000000]     modules : 0xbf000000 - 0xbfe00000   (  14 MB)
[    0.000000]       .text : 0x(ptrval) - 0x(ptrval)   (13280 kB)
[    0.000000]       .init : 0x(ptrval) - 0x(ptrval)   (2048 kB)
[    0.000000]       .data : 0x(ptrval) - 0x(ptrval)   (1619 kB)
[    0.000000]        .bss : 0x(ptrval) - 0x(ptrval)   ( 395 kB)
[    0.000000] SLUB: HWalign=64, Order=0-3, MinObjects=0, CPUs=1, Nodes=1
[    0.000000] rcu: Hierarchical RCU implementation.
[    0.000000] rcu: 	RCU event tracing is enabled.
[    0.000000] rcu: 	RCU restricting CPUs from NR_CPUS=16 to nr_cpu_ids=1.
[    0.000000] rcu: Adjusting geometry for rcu_fanout_leaf=16, nr_cpu_ids=1
[    0.000000] NR_IRQS: 16, nr_irqs: 16, preallocated irqs: 16
[    0.000000] IRQ: Found an INTC at 0x(ptrval) (revision 5.0) with 128 interrupts
[    0.000000] OMAP clockevent source: timer2 at 24000000 Hz
[    0.000016] sched_clock: 32 bits at 24MHz, resolution 41ns, wraps every 89478484971ns
[    0.000034] clocksource: timer1: mask: 0xffffffff max_cycles: 0xffffffff, max_idle_ns: 79635851949 ns
[    0.000045] OMAP clocksource: timer1 at 24000000 Hz
[    0.003782] timer_probe: no matching timers found
[    0.003976] Console: colour dummy device 80x30
[    0.004035] Calibrating delay loop... 996.14 BogoMIPS (lpj=4980736)
[    0.089202] pid_max: default: 32768 minimum: 301
[    0.089360] Mount-cache hash table entries: 1024 (order: 0, 4096 bytes)
[    0.089373] Mountpoint-cache hash table entries: 1024 (order: 0, 4096 bytes)
[    0.090013] CPU: Testing write buffer coherency: ok
[    0.090074] CPU0: Spectre v2: using BPIALL workaround
[    0.090425] CPU0: thread -1, cpu 0, socket -1, mpidr 0
[    0.091011] Setting up static identity map for 0x80300000 - 0x803000a0
[    0.092419] rcu: Hierarchical SRCU implementation.
[    0.095235] EFI services will not be available.
[    0.095419] smp: Bringing up secondary CPUs ...
[    0.095432] smp: Brought up 1 node, 1 CPU
[    0.095441] SMP: Total of 1 processors activated (996.14 BogoMIPS).
[    0.095450] CPU: All CPU(s) started in SVC mode.
[    0.096813] devtmpfs: initialized
[    0.104159] VFP support v0.3: implementor 41 architecture 3 part 30 variant c rev 3
[    0.104659] clocksource: jiffies: mask: 0xffffffff max_cycles: 0xffffffff, max_idle_ns: 19112604462750000 ns
[    0.104692] futex hash table entries: 256 (order: 2, 16384 bytes)
[    0.108573] pinctrl core: initialized pinctrl subsystem
[    0.110604] DMI not present or invalid.
[    0.111049] NET: Registered protocol family 16
[    0.113445] DMA: preallocated 256 KiB pool for atomic coherent allocations
[    0.140003] l4_wkup_cm:clk:0010:0: failed to disable
[    0.193776] cpuidle: using governor menu
[    0.201292] OMAP GPIO hardware version 0.1
[    0.213485] No ATAGs?
[    0.213495] hw-breakpoint: debug architecture 0x4 unsupported.
[    0.218802] Serial: AMBA PL011 UART driver
[    0.237518] edma 49000000.edma: TI EDMA DMA engine driver
[    0.241266] vgaarb: loaded
[    0.242098] SCSI subsystem initialized
[    0.242678] usbcore: registered new interface driver usbfs
[    0.242735] usbcore: registered new interface driver hub
[    0.242780] usbcore: registered new device driver usb
[    0.244366] pps_core: LinuxPPS API ver. 1 registered
[    0.244381] pps_core: Software ver. 5.3.6 - Copyright 2005-2007 Rodolfo Giometti <giometti@linux.it>
[    0.244404] PTP clock support registered
[    0.244576] EDAC MC: Ver: 3.0.0
[    0.247401] clocksource: Switched to clocksource timer1
[    0.312091] NET: Registered protocol family 2
[    0.312703] tcp_listen_portaddr_hash hash table entries: 512 (order: 0, 6144 bytes)
[    0.312732] TCP established hash table entries: 4096 (order: 2, 16384 bytes)
[    0.312775] TCP bind hash table entries: 4096 (order: 3, 32768 bytes)
[    0.312834] TCP: Hash tables configured (established 4096 bind 4096)
[    0.312942] UDP hash table entries: 256 (order: 1, 8192 bytes)
[    0.312965] UDP-Lite hash table entries: 256 (order: 1, 8192 bytes)
[    0.313100] NET: Registered protocol family 1
[    0.313745] RPC: Registered named UNIX socket transport module.
[    0.313759] RPC: Registered udp transport module.
[    0.313766] RPC: Registered tcp transport module.
[    0.313773] RPC: Registered tcp NFSv4.1 backchannel transport module.
[    0.314922] hw perfevents: enabled with armv7_cortex_a8 PMU driver, 5 counters available
[    0.317196] Initialise system trusted keyrings
[    0.317682] workingset: timestamp_bits=30 max_order=17 bucket_order=0
[    0.324413] squashfs: version 4.0 (2009/01/31) Phillip Lougher
[    0.325271] NFS: Registering the id_resolver key type
[    0.325315] Key type id_resolver registered
[    0.325322] Key type id_legacy registered
[    0.325363] ntfs: driver 2.1.32 [Flags: R/O].
[    0.327496] Key type asymmetric registered
[    0.327516] Asymmetric key parser 'x509' registered
[    0.327590] Block layer SCSI generic (bsg) driver version 0.4 loaded (major 246)
[    0.327604] io scheduler noop registered
[    0.327612] io scheduler deadline registered
[    0.327804] io scheduler cfq registered (default)
[    0.327815] io scheduler mq-deadline registered
[    0.327823] io scheduler kyber registered
[    0.333648] pinctrl-single 44e10800.pinmux: 142 pins, size 568
[    0.399427] Serial: 8250/16550 driver, 4 ports, IRQ sharing enabled
[    0.402845] SuperH (H)SCI(F) driver initialized
[    0.403722] msm_serial: driver initialized
[    0.404028] omap_uart 44e09000.serial: no wakeirq for uart0
[    0.404121] 44e09000.serial: ttyO0 at MMIO 0x44e09000 (irq = 30, base_baud = 3000000) is a OMAP UART0
[    1.091443] console [ttyO0] enabled
[    1.095705] STMicroelectronics ASC driver initialized
[    1.102071] STM32 USART driver initialized
[    1.107822] omap_rng 48310000.rng: Random Number Generator ver. 20
[    1.120138] random: fast init done
[    1.123824] random: crng init done
[    1.137208] brd: module loaded
[    1.148155] loop: module loaded
[    1.160309] libphy: Fixed MDIO Bus: probed
[    1.165701] CAN device driver interface
[    1.170762] bgmac_bcma: Broadcom 47xx GBit MAC driver loaded
[    1.177752] e1000e: Intel(R) PRO/1000 Network Driver - 3.2.6-k
[    1.183867] e1000e: Copyright(c) 1999 - 2015 Intel Corporation.
[    1.190169] igb: Intel(R) Gigabit Ethernet Network Driver - version 5.4.0-k
[    1.197481] igb: Copyright (c) 2007-2014 Intel Corporation.
[    1.277486] davinci_mdio 4a101000.mdio: davinci mdio revision 1.6, bus freq 1000000
[    1.285528] davinci_mdio 4a101000.mdio: detected phy mask fffffffe
[    1.293191] libphy: 4a101000.mdio: probed
[    1.297500] davinci_mdio 4a101000.mdio: phy[0]: device 4a101000.mdio:00, driver SMSC LAN8710/LAN8720
[    1.309511] cpsw 4a100000.ethernet: Detected MACID = 38:d2:69:9a:45:60
[    1.316593] cpsw 4a100000.ethernet: initialized cpsw ale version 1.4
[    1.323373] cpsw 4a100000.ethernet: ALE Table size 1024
[    1.330629] pegasus: v0.9.3 (2013/04/25), Pegasus/Pegasus II USB Ethernet driver
[    1.338572] usbcore: registered new interface driver pegasus
[    1.344558] usbcore: registered new interface driver asix
[    1.350289] usbcore: registered new interface driver ax88179_178a
[    1.356701] usbcore: registered new interface driver cdc_ether
[    1.362874] usbcore: registered new interface driver smsc75xx
[    1.368957] usbcore: registered new interface driver smsc95xx
[    1.375005] usbcore: registered new interface driver net1080
[    1.380986] usbcore: registered new interface driver cdc_subset
[    1.387217] usbcore: registered new interface driver zaurus
[    1.393126] usbcore: registered new interface driver cdc_ncm
[    1.401492] ehci_hcd: USB 2.0 'Enhanced' Host Controller (EHCI) Driver
[    1.408414] ehci-pci: EHCI PCI platform driver
[    1.413124] ehci-platform: EHCI generic platform driver
[    1.418861] ehci-omap: OMAP-EHCI Host Controller driver
[    1.424475] ehci-orion: EHCI orion driver
[    1.428873] SPEAr-ehci: EHCI SPEAr driver
[    1.433207] ehci-st: EHCI STMicroelectronics driver
[    1.438485] ehci-exynos: EHCI EXYNOS driver
[    1.442990] ehci-atmel: EHCI Atmel driver
[    1.447304] tegra-ehci: Tegra EHCI driver
[    1.451708] ohci_hcd: USB 1.1 'Open' Host Controller (OHCI) Driver
[    1.458256] ohci-pci: OHCI PCI platform driver
[    1.462982] ohci-platform: OHCI generic platform driver
[    1.468703] SPEAr-ohci: OHCI SPEAr driver
[    1.473047] ohci-st: OHCI STMicroelectronics driver
[    1.478328] ohci-atmel: OHCI Atmel driver
[    1.483224] usbcore: registered new interface driver usb-storage
[    1.489689] usbcore: registered new interface driver usbserial_generic
[    1.496552] usbserial: USB Serial support registered for generic
[    1.502906] usbcore: registered new interface driver ftdi_sio
[    1.508967] usbserial: USB Serial support registered for FTDI USB Serial Device
[    1.516651] usbcore: registered new interface driver pl2303
[    1.522528] usbserial: USB Serial support registered for pl2303
[    1.528781] usbcore: registered new interface driver usb_serial_simple
[    1.535638] usbserial: USB Serial support registered for carelink
[    1.542060] usbserial: USB Serial support registered for zio
[    1.548029] usbserial: USB Serial support registered for funsoft
[    1.554338] usbserial: USB Serial support registered for flashloader
[    1.561033] usbserial: USB Serial support registered for google
[    1.567260] usbserial: USB Serial support registered for libtransistor
[    1.574136] usbserial: USB Serial support registered for vivopay
[    1.580465] usbserial: USB Serial support registered for moto_modem
[    1.587047] usbserial: USB Serial support registered for motorola_tetra
[    1.594014] usbserial: USB Serial support registered for novatel_gps
[    1.600707] usbserial: USB Serial support registered for hp4x
[    1.606743] usbserial: USB Serial support registered for suunto
[    1.612981] usbserial: USB Serial support registered for siemens_mpi
[    1.625367] am335x-phy-driver 47401300.usb-phy: 47401300.usb-phy supply vcc not found, using dummy regulator
[    1.635922] am335x-phy-driver 47401300.usb-phy: Linked as a consumer to regulator.0
[    1.649485] am335x-phy-driver 47401b00.usb-phy: 47401b00.usb-phy supply vcc not found, using dummy regulator
[    1.660023] am335x-phy-driver 47401b00.usb-phy: Linked as a consumer to regulator.0
[    1.685854] i2c /dev entries driver
[    1.702787] sdhci: Secure Digital Host Controller Interface driver
[    1.709361] sdhci: Copyright(c) Pierre Ossman
[    1.715145] omap_gpio 44e07000.gpio: Could not set line 6 debounce to 200000 microseconds (-22)
[    1.724329] omap_hsmmc 48060000.mmc: Got CD GPIO
[    1.729700] omap_hsmmc 48060000.mmc: Linked as a consumer to regulator.1
[    1.761318] omap_hsmmc 481d8000.mmc: Linked as a consumer to regulator.1
[    1.793947] Synopsys Designware Multimedia Card Interface Driver
[    1.801801] sdhci-pltfm: SDHCI platform and OF driver helper
[    1.811580] ledtrig-cpu: registered to indicate activity on CPUs
[    1.819497] usbcore: registered new interface driver usbhid
[    1.825342] usbhid: USB HID core driver
[    1.834247] NET: Registered protocol family 10
[    1.840612] Segment Routing with IPv6
[    1.844532] sit: IPv6, IPv4 and MPLS over IPv4 tunneling driver
[    1.851545] NET: Registered protocol family 17
[    1.856265] can: controller area network core (rev 20170425 abi 9)
[    1.862872] NET: Registered protocol family 29
[    1.867555] can: raw protocol (rev 20170425)
[    1.872027] can: broadcast manager protocol (rev 20170425 t)
[    1.877977] can: netlink gateway (rev 20170425) max_hops=1
[    1.884390] Key type dns_resolver registered
[    1.889129] ThumbEE CPU extension supported.
[    1.893611] Registering SWP/SWPB emulation handler
[    1.898674] omap_voltage_late_init: Voltage driver support not added
[    1.907277] Loading compiled-in X.509 certificates
[    1.929798] mmc0: host does not support reading read-only switch, assuming write-enable
[    1.940246] mmc0: new high speed SDHC card at address 1234
[    1.947077] mmcblk0: mmc0:1234 SA08G 7.25 GiB 
[    1.954844]  mmcblk0: p1 p2
[    1.973760] tps65217 0-0024: TPS65217 ID 0xe version 1.2
[    1.980376] at24 0-0050: 32768 byte 24c256 EEPROM, writable, 1 bytes/write
[    1.988100] omap_i2c 44e0b000.i2c: bus 0 rev0.11 at 400 kHz
[    1.999749] mmc1: new high speed MMC card at address 0001
[    2.006462] mmcblk1: mmc1:0001 M62704 3.56 GiB 
[    2.011827] mmcblk1boot0: mmc1:0001 M62704 partition 1 2.00 MiB
[    2.018600] mmcblk1boot1: mmc1:0001 M62704 partition 2 2.00 MiB
[    2.025192] mmcblk1rpmb: mmc1:0001 M62704 partition 3 512 KiB, chardev (234:0)
[    2.038452]  mmcblk1: p1 p2
[    2.120813] omap_i2c 4819c000.i2c: bus 2 rev0.11 at 100 kHz
[    2.140115] musb-hdrc musb-hdrc.1: MUSB HDRC host driver
[    2.145723] musb-hdrc musb-hdrc.1: new USB bus registered, assigned bus number 1
[    2.153909] usb usb1: New USB device found, idVendor=1d6b, idProduct=0002, bcdDevice= 4.19
[    2.162630] usb usb1: New USB device strings: Mfr=3, Product=2, SerialNumber=1
[    2.170218] usb usb1: Product: MUSB HDRC host driver
[    2.175418] usb usb1: Manufacturer: Linux 4.19.176 musb-hcd
[    2.181270] usb usb1: SerialNumber: musb-hdrc.1
[    2.186706] hub 1-0:1.0: USB hub found
[    2.190777] hub 1-0:1.0: 1 port detected
[    2.196367] hctosys: unable to open rtc device (rtc0)
[    2.215446] net eth0: initializing cpsw version 1.12 (0)
[    2.318498] SMSC LAN8710/LAN8720 4a101000.mdio:00: attached PHY driver [SMSC LAN8710/LAN8720] (mii_bus:phy_addr=4a101000.mdio:00, irq=POLL)
[    2.337326] IPv6: ADDRCONF(NETDEV_UP): eth0: link is not ready
[    4.418303] cpsw 4a100000.ethernet eth0: Link is Up - 100Mbps/Full - flow control rx/tx
[    4.437425] IPv6: ADDRCONF(NETDEV_CHANGE): eth0: link becomes ready
[    4.467521] IP-Config: Guessing netmask 255.255.255.0
[    4.472814] IP-Config: Complete:
[    4.476193]      device=eth0, hwaddr=38:d2:69:9a:45:60, ipaddr=192.168.0.100, mask=255.255.255.0, gw=255.255.255.255
[    4.487231]      host=192.168.0.100, domain=, nis-domain=(none)
[    4.493440]      bootserver=255.255.255.255, rootserver=192.168.0.1, rootpath=
[    4.509974] VFS: Mounted root (nfs filesystem) on device 0:14.
[    4.516574] devtmpfs: mounted
[    4.522406] Freeing unused kernel memory: 2048K
[    4.528238] Run /sbin/init as init process
ProCamp: rcS executed

Please press Enter to activate this console. 
/ # ls
bin                init               root               tmp
boot               lib                sbin               trouble_module.ko
dev                linuxrc            sys                usr
etc                proc               task4_module.ko
/ # insmod ta/ # insmod task4_module.ko 
[   11.255435] task4_module: loading out-of-tree module taints kernel.
/ # cd You enteredcd /sys/kernel/task4_folder/
/sys/kernel/task4_folder # cat list

/sys/kernel/task4_folder # echo item1 > list
/sys/kernel/task4_folder # /sys/kernel/task4_folder # echo item1 > list/sys/kernel/task4_folder # cat list
item1
, 
/sys/kernel/task4_folder # /sys/kernel/task4_folder # cat list/sys/kernel/task4_folder # echo item1 > list > list2 > list > list
/sys/kernel/task4_folder # /sys/kernel/task4_folder # echo item2 > list/sys/kernel/task4_folder # cat list
item2
, 
/sys/kernel/task4_folder # dmesg
[    0.000000] Booting Linux on physical CPU 0x0
[    0.000000] Linux version 4.19.176 (den@notApc) (gcc version 8.3.0 (GNU Toolchain for the A-profile Architecture 8.3-2019.03 (arm-rel-8.36))) #2 SMP Wed Feb 24 16:40:30 EET 2021
[    0.000000] CPU: ARMv7 Processor [413fc082] revision 2 (ARMv7), cr=10c5387d
[    0.000000] CPU: PIPT / VIPT nonaliasing data cache, VIPT aliasing instruction cache
[    0.000000] OF: fdt: Machine model: TI AM335x BeagleBone Black
[    0.000000] Memory policy: Data cache writeback
[    0.000000] efi: Getting EFI parameters from FDT:
[    0.000000] efi: UEFI not found.
[    0.000000] cma: Reserved 64 MiB at 0x9b800000
[    0.000000] On node 0 totalpages: 130560
[    0.000000]   DMA zone: 1020 pages used for memmap
[    0.000000]   DMA zone: 0 pages reserved
[    0.000000]   DMA zone: 130560 pages, LIFO batch:31
[    0.000000] CPU: All CPU(s) started in SVC mode.
[    0.000000] AM335X ES2.1 (sgx neon)
[    0.000000] random: get_random_bytes called from start_kernel+0x9c/0x47c with crng_init=0
[    0.000000] percpu: Embedded 16 pages/cpu s36172 r8192 d21172 u65536
[    0.000000] pcpu-alloc: s36172 r8192 d21172 u65536 alloc=16*4096
[    0.000000] pcpu-alloc: [0] 0 
[    0.000000] Built 1 zonelists, mobility grouping on.  Total pages: 129540
[    0.000000] Kernel command line: console=ttyO0,115200n8 root=/dev/nfs nfsroot=192.168.0.1:/srv/nfs/busybox,nolock,nfsvers=3 rw ip=192.168.0.100
[    0.000000] Dentry cache hash table entries: 65536 (order: 6, 262144 bytes)
[    0.000000] Inode-cache hash table entries: 32768 (order: 5, 131072 bytes)
[    0.000000] Memory: 430380K/522240K available (12288K kernel code, 1618K rwdata, 4780K rodata, 2048K init, 394K bss, 26324K reserved, 65536K cma-reserved, 0K highmem)
[    0.000000] Virtual kernel memory layout:
[    0.000000]     vector  : 0xffff0000 - 0xffff1000   (   4 kB)
[    0.000000]     fixmap  : 0xffc00000 - 0xfff00000   (3072 kB)
[    0.000000]     vmalloc : 0xe0000000 - 0xff800000   ( 504 MB)
[    0.000000]     lowmem  : 0xc0000000 - 0xdfe00000   ( 510 MB)
[    0.000000]     pkmap   : 0xbfe00000 - 0xc0000000   (   2 MB)
[    0.000000]     modules : 0xbf000000 - 0xbfe00000   (  14 MB)
[    0.000000]       .text : 0x(ptrval) - 0x(ptrval)   (13280 kB)
[    0.000000]       .init : 0x(ptrval) - 0x(ptrval)   (2048 kB)
[    0.000000]       .data : 0x(ptrval) - 0x(ptrval)   (1619 kB)
[    0.000000]        .bss : 0x(ptrval) - 0x(ptrval)   ( 395 kB)
[    0.000000] SLUB: HWalign=64, Order=0-3, MinObjects=0, CPUs=1, Nodes=1
[    0.000000] rcu: Hierarchical RCU implementation.
[    0.000000] rcu: 	RCU event tracing is enabled.
[    0.000000] rcu: 	RCU restricting CPUs from NR_CPUS=16 to nr_cpu_ids=1.
[    0.000000] rcu: Adjusting geometry for rcu_fanout_leaf=16, nr_cpu_ids=1
[    0.000000] NR_IRQS: 16, nr_irqs: 16, preallocated irqs: 16
[    0.000000] IRQ: Found an INTC at 0x(ptrval) (revision 5.0) with 128 interrupts
[    0.000000] OMAP clockevent source: timer2 at 24000000 Hz
[    0.000016] sched_clock: 32 bits at 24MHz, resolution 41ns, wraps every 89478484971ns
[    0.000034] clocksource: timer1: mask: 0xffffffff max_cycles: 0xffffffff, max_idle_ns: 79635851949 ns
[    0.000045] OMAP clocksource: timer1 at 24000000 Hz
[    0.003782] timer_probe: no matching timers found
[    0.003976] Console: colour dummy device 80x30
[    0.004035] Calibrating delay loop... 996.14 BogoMIPS (lpj=4980736)
[    0.089202] pid_max: default: 32768 minimum: 301
[    0.089360] Mount-cache hash table entries: 1024 (order: 0, 4096 bytes)
[    0.089373] Mountpoint-cache hash table entries: 1024 (order: 0, 4096 bytes)
[    0.090013] CPU: Testing write buffer coherency: ok
[    0.090074] CPU0: Spectre v2: using BPIALL workaround
[    0.090425] CPU0: thread -1, cpu 0, socket -1, mpidr 0
[    0.091011] Setting up static identity map for 0x80300000 - 0x803000a0
[    0.092419] rcu: Hierarchical SRCU implementation.
[    0.095235] EFI services will not be available.
[    0.095419] smp: Bringing up secondary CPUs ...
[    0.095432] smp: Brought up 1 node, 1 CPU
[    0.095441] SMP: Total of 1 processors activated (996.14 BogoMIPS).
[    0.095450] CPU: All CPU(s) started in SVC mode.
[    0.096813] devtmpfs: initialized
[    0.104159] VFP support v0.3: implementor 41 architecture 3 part 30 variant c rev 3
[    0.104659] clocksource: jiffies: mask: 0xffffffff max_cycles: 0xffffffff, max_idle_ns: 19112604462750000 ns
[    0.104692] futex hash table entries: 256 (order: 2, 16384 bytes)
[    0.108573] pinctrl core: initialized pinctrl subsystem
[    0.110604] DMI not present or invalid.
[    0.111049] NET: Registered protocol family 16
[    0.113445] DMA: preallocated 256 KiB pool for atomic coherent allocations
[    0.140003] l4_wkup_cm:clk:0010:0: failed to disable
[    0.193776] cpuidle: using governor menu
[    0.201292] OMAP GPIO hardware version 0.1
[    0.213485] No ATAGs?
[    0.213495] hw-breakpoint: debug architecture 0x4 unsupported.
[    0.218802] Serial: AMBA PL011 UART driver
[    0.237518] edma 49000000.edma: TI EDMA DMA engine driver
[    0.241266] vgaarb: loaded
[    0.242098] SCSI subsystem initialized
[    0.242400] libata version 3.00 loaded.
[    0.242678] usbcore: registered new interface driver usbfs
[    0.242735] usbcore: registered new interface driver hub
[    0.242780] usbcore: registered new device driver usb
[    0.244366] pps_core: LinuxPPS API ver. 1 registered
[    0.244381] pps_core: Software ver. 5.3.6 - Copyright 2005-2007 Rodolfo Giometti <giometti@linux.it>
[    0.244404] PTP clock support registered
[    0.244576] EDAC MC: Ver: 3.0.0
[    0.247401] clocksource: Switched to clocksource timer1
[    0.312091] NET: Registered protocol family 2
[    0.312703] tcp_listen_portaddr_hash hash table entries: 512 (order: 0, 6144 bytes)
[    0.312732] TCP established hash table entries: 4096 (order: 2, 16384 bytes)
[    0.312775] TCP bind hash table entries: 4096 (order: 3, 32768 bytes)
[    0.312834] TCP: Hash tables configured (established 4096 bind 4096)
[    0.312942] UDP hash table entries: 256 (order: 1, 8192 bytes)
[    0.312965] UDP-Lite hash table entries: 256 (order: 1, 8192 bytes)
[    0.313100] NET: Registered protocol family 1
[    0.313745] RPC: Registered named UNIX socket transport module.
[    0.313759] RPC: Registered udp transport module.
[    0.313766] RPC: Registered tcp transport module.
[    0.313773] RPC: Registered tcp NFSv4.1 backchannel transport module.
[    0.313786] PCI: CLS 0 bytes, default 64
[    0.314922] hw perfevents: enabled with armv7_cortex_a8 PMU driver, 5 counters available
[    0.317196] Initialise system trusted keyrings
[    0.317682] workingset: timestamp_bits=30 max_order=17 bucket_order=0
[    0.324413] squashfs: version 4.0 (2009/01/31) Phillip Lougher
[    0.325271] NFS: Registering the id_resolver key type
[    0.325315] Key type id_resolver registered
[    0.325322] Key type id_legacy registered
[    0.325363] ntfs: driver 2.1.32 [Flags: R/O].
[    0.327496] Key type asymmetric registered
[    0.327516] Asymmetric key parser 'x509' registered
[    0.327590] Block layer SCSI generic (bsg) driver version 0.4 loaded (major 246)
[    0.327604] io scheduler noop registered
[    0.327612] io scheduler deadline registered
[    0.327804] io scheduler cfq registered (default)
[    0.327815] io scheduler mq-deadline registered
[    0.327823] io scheduler kyber registered
[    0.333648] pinctrl-single 44e10800.pinmux: 142 pins, size 568
[    0.399427] Serial: 8250/16550 driver, 4 ports, IRQ sharing enabled
[    0.402845] SuperH (H)SCI(F) driver initialized
[    0.403722] msm_serial: driver initialized
[    0.404028] omap_uart 44e09000.serial: no wakeirq for uart0
[    0.404121] 44e09000.serial: ttyO0 at MMIO 0x44e09000 (irq = 30, base_baud = 3000000) is a OMAP UART0
[    1.091443] console [ttyO0] enabled
[    1.095705] STMicroelectronics ASC driver initialized
[    1.102071] STM32 USART driver initialized
[    1.107822] omap_rng 48310000.rng: Random Number Generator ver. 20
[    1.120138] random: fast init done
[    1.123824] random: crng init done
[    1.137208] brd: module loaded
[    1.148155] loop: module loaded
[    1.160309] libphy: Fixed MDIO Bus: probed
[    1.165701] CAN device driver interface
[    1.170762] bgmac_bcma: Broadcom 47xx GBit MAC driver loaded
[    1.177752] e1000e: Intel(R) PRO/1000 Network Driver - 3.2.6-k
[    1.183867] e1000e: Copyright(c) 1999 - 2015 Intel Corporation.
[    1.190169] igb: Intel(R) Gigabit Ethernet Network Driver - version 5.4.0-k
[    1.197481] igb: Copyright (c) 2007-2014 Intel Corporation.
[    1.277486] davinci_mdio 4a101000.mdio: davinci mdio revision 1.6, bus freq 1000000
[    1.285528] davinci_mdio 4a101000.mdio: detected phy mask fffffffe
[    1.293191] libphy: 4a101000.mdio: probed
[    1.297500] davinci_mdio 4a101000.mdio: phy[0]: device 4a101000.mdio:00, driver SMSC LAN8710/LAN8720
[    1.309511] cpsw 4a100000.ethernet: Detected MACID = 38:d2:69:9a:45:60
[    1.316593] cpsw 4a100000.ethernet: initialized cpsw ale version 1.4
[    1.323373] cpsw 4a100000.ethernet: ALE Table size 1024
[    1.330629] pegasus: v0.9.3 (2013/04/25), Pegasus/Pegasus II USB Ethernet driver
[    1.338572] usbcore: registered new interface driver pegasus
[    1.344558] usbcore: registered new interface driver asix
[    1.350289] usbcore: registered new interface driver ax88179_178a
[    1.356701] usbcore: registered new interface driver cdc_ether
[    1.362874] usbcore: registered new interface driver smsc75xx
[    1.368957] usbcore: registered new interface driver smsc95xx
[    1.375005] usbcore: registered new interface driver net1080
[    1.380986] usbcore: registered new interface driver cdc_subset
[    1.387217] usbcore: registered new interface driver zaurus
[    1.393126] usbcore: registered new interface driver cdc_ncm
[    1.401492] ehci_hcd: USB 2.0 'Enhanced' Host Controller (EHCI) Driver
[    1.408414] ehci-pci: EHCI PCI platform driver
[    1.413124] ehci-platform: EHCI generic platform driver
[    1.418861] ehci-omap: OMAP-EHCI Host Controller driver
[    1.424475] ehci-orion: EHCI orion driver
[    1.428873] SPEAr-ehci: EHCI SPEAr driver
[    1.433207] ehci-st: EHCI STMicroelectronics driver
[    1.438485] ehci-exynos: EHCI EXYNOS driver
[    1.442990] ehci-atmel: EHCI Atmel driver
[    1.447304] tegra-ehci: Tegra EHCI driver
[    1.451708] ohci_hcd: USB 1.1 'Open' Host Controller (OHCI) Driver
[    1.458256] ohci-pci: OHCI PCI platform driver
[    1.462982] ohci-platform: OHCI generic platform driver
[    1.468703] SPEAr-ohci: OHCI SPEAr driver
[    1.473047] ohci-st: OHCI STMicroelectronics driver
[    1.478328] ohci-atmel: OHCI Atmel driver
[    1.483224] usbcore: registered new interface driver usb-storage
[    1.489689] usbcore: registered new interface driver usbserial_generic
[    1.496552] usbserial: USB Serial support registered for generic
[    1.502906] usbcore: registered new interface driver ftdi_sio
[    1.508967] usbserial: USB Serial support registered for FTDI USB Serial Device
[    1.516651] usbcore: registered new interface driver pl2303
[    1.522528] usbserial: USB Serial support registered for pl2303
[    1.528781] usbcore: registered new interface driver usb_serial_simple
[    1.535638] usbserial: USB Serial support registered for carelink
[    1.542060] usbserial: USB Serial support registered for zio
[    1.548029] usbserial: USB Serial support registered for funsoft
[    1.554338] usbserial: USB Serial support registered for flashloader
[    1.561033] usbserial: USB Serial support registered for google
[    1.567260] usbserial: USB Serial support registered for libtransistor
[    1.574136] usbserial: USB Serial support registered for vivopay
[    1.580465] usbserial: USB Serial support registered for moto_modem
[    1.587047] usbserial: USB Serial support registered for motorola_tetra
[    1.594014] usbserial: USB Serial support registered for novatel_gps
[    1.600707] usbserial: USB Serial support registered for hp4x
[    1.606743] usbserial: USB Serial support registered for suunto
[    1.612981] usbserial: USB Serial support registered for siemens_mpi
[    1.625367] am335x-phy-driver 47401300.usb-phy: 47401300.usb-phy supply vcc not found, using dummy regulator
[    1.635922] am335x-phy-driver 47401300.usb-phy: Linked as a consumer to regulator.0
[    1.649485] am335x-phy-driver 47401b00.usb-phy: 47401b00.usb-phy supply vcc not found, using dummy regulator
[    1.660023] am335x-phy-driver 47401b00.usb-phy: Linked as a consumer to regulator.0
[    1.685854] i2c /dev entries driver
[    1.702787] sdhci: Secure Digital Host Controller Interface driver
[    1.709361] sdhci: Copyright(c) Pierre Ossman
[    1.715145] omap_gpio 44e07000.gpio: Could not set line 6 debounce to 200000 microseconds (-22)
[    1.724329] omap_hsmmc 48060000.mmc: Got CD GPIO
[    1.729700] omap_hsmmc 48060000.mmc: Linked as a consumer to regulator.1
[    1.761318] omap_hsmmc 481d8000.mmc: Linked as a consumer to regulator.1
[    1.793947] Synopsys Designware Multimedia Card Interface Driver
[    1.801801] sdhci-pltfm: SDHCI platform and OF driver helper
[    1.811580] ledtrig-cpu: registered to indicate activity on CPUs
[    1.819497] usbcore: registered new interface driver usbhid
[    1.825342] usbhid: USB HID core driver
[    1.834247] NET: Registered protocol family 10
[    1.840612] Segment Routing with IPv6
[    1.844532] sit: IPv6, IPv4 and MPLS over IPv4 tunneling driver
[    1.851545] NET: Registered protocol family 17
[    1.856265] can: controller area network core (rev 20170425 abi 9)
[    1.862872] NET: Registered protocol family 29
[    1.867555] can: raw protocol (rev 20170425)
[    1.872027] can: broadcast manager protocol (rev 20170425 t)
[    1.877977] can: netlink gateway (rev 20170425) max_hops=1
[    1.884390] Key type dns_resolver registered
[    1.889129] ThumbEE CPU extension supported.
[    1.893611] Registering SWP/SWPB emulation handler
[    1.898674] omap_voltage_late_init: Voltage driver support not added
[    1.907277] Loading compiled-in X.509 certificates
[    1.929798] mmc0: host does not support reading read-only switch, assuming write-enable
[    1.940246] mmc0: new high speed SDHC card at address 1234
[    1.947077] mmcblk0: mmc0:1234 SA08G 7.25 GiB 
[    1.954844]  mmcblk0: p1 p2
[    1.973760] tps65217 0-0024: TPS65217 ID 0xe version 1.2
[    1.980376] at24 0-0050: 32768 byte 24c256 EEPROM, writable, 1 bytes/write
[    1.988100] omap_i2c 44e0b000.i2c: bus 0 rev0.11 at 400 kHz
[    1.999749] mmc1: new high speed MMC card at address 0001
[    2.006462] mmcblk1: mmc1:0001 M62704 3.56 GiB 
[    2.011827] mmcblk1boot0: mmc1:0001 M62704 partition 1 2.00 MiB
[    2.018600] mmcblk1boot1: mmc1:0001 M62704 partition 2 2.00 MiB
[    2.025192] mmcblk1rpmb: mmc1:0001 M62704 partition 3 512 KiB, chardev (234:0)
[    2.038452]  mmcblk1: p1 p2
[    2.120813] omap_i2c 4819c000.i2c: bus 2 rev0.11 at 100 kHz
[    2.140115] musb-hdrc musb-hdrc.1: MUSB HDRC host driver
[    2.145723] musb-hdrc musb-hdrc.1: new USB bus registered, assigned bus number 1
[    2.153909] usb usb1: New USB device found, idVendor=1d6b, idProduct=0002, bcdDevice= 4.19
[    2.162630] usb usb1: New USB device strings: Mfr=3, Product=2, SerialNumber=1
[    2.170218] usb usb1: Product: MUSB HDRC host driver
[    2.175418] usb usb1: Manufacturer: Linux 4.19.176 musb-hcd
[    2.181270] usb usb1: SerialNumber: musb-hdrc.1
[    2.186706] hub 1-0:1.0: USB hub found
[    2.190777] hub 1-0:1.0: 1 port detected
[    2.196367] hctosys: unable to open rtc device (rtc0)
[    2.215446] net eth0: initializing cpsw version 1.12 (0)
[    2.318498] SMSC LAN8710/LAN8720 4a101000.mdio:00: attached PHY driver [SMSC LAN8710/LAN8720] (mii_bus:phy_addr=4a101000.mdio:00, irq=POLL)
[    2.337326] IPv6: ADDRCONF(NETDEV_UP): eth0: link is not ready
[    4.418303] cpsw 4a100000.ethernet eth0: Link is Up - 100Mbps/Full - flow control rx/tx
[    4.437425] IPv6: ADDRCONF(NETDEV_CHANGE): eth0: link becomes ready
[    4.467521] IP-Config: Guessing netmask 255.255.255.0
[    4.472814] IP-Config: Complete:
[    4.476193]      device=eth0, hwaddr=38:d2:69:9a:45:60, ipaddr=192.168.0.100, mask=255.255.255.0, gw=255.255.255.255
[    4.487231]      host=192.168.0.100, domain=, nis-domain=(none)
[    4.493440]      bootserver=255.255.255.255, rootserver=192.168.0.1, rootpath=
[    4.509974] VFS: Mounted root (nfs filesystem) on device 0:14.
[    4.516574] devtmpfs: mounted
[    4.522406] Freeing unused kernel memory: 2048K
[    4.528238] Run /sbin/init as init process
[   11.255435] task4_module: loading out-of-tree module taints kernel.
/sys/kernel/task4_folder # /sys/kernel/task4_folder # dmesg/sys/kernel/task4_folder # cat list
item2
, 
/sys/kernel/task4_folder # 
U-Boot SPL 2021.01-00002-gc17010150c (Feb 20 2021 - 12:45:37 +0200)
Trying to boot from MMC1


U-Boot 2021.01-00002-gc17010150c (Feb 20 2021 - 12:45:37 +0200)

CPU  : AM335X-GP rev 2.1
Model: TI AM335x BeagleBone Black
DRAM:  512 MiB
MMC:   OMAP SD/MMC: 0, OMAP SD/MMC: 1
Loading Environment from FAT... OK
Net:   eth2: ethernet@4a100000, eth3: usb_ether
Hit any key to stop autoboot:  2  1  0 
link up on port 0, speed 100, full duplex
Using ethernet@4a100000 device
TFTP from server 192.168.0.1; our IP address is 192.168.0.100
Filename 'zImage'.
Load address: 0x82000000
Loading: *#################################################################
	 #################################################################
	 #################################################################
	 #################################################################
	 #################################################################
	 #################################################################
	 #################################################################
	 #################################################################
	 #################################################################
	 ######################
	 4.1 MiB/s
done
Bytes transferred = 8909312 (87f200 hex)
link up on port 0, speed 100, full duplex
Using ethernet@4a100000 device
TFTP from server 192.168.0.1; our IP address is 192.168.0.100
Filename 'am335x-boneblack.dtb'.
Load address: 0x88000000
Loading: *###
	 3.7 MiB/s
done
Bytes transferred = 34782 (87de hex)
## Flattened Device Tree blob at 88000000
   Booting using the fdt blob at 0x88000000
   Loading Device Tree to 8fff4000, end 8ffff7dd ... OK

Starting kernel ...

[    0.000000] Booting Linux on physical CPU 0x0
[    0.000000] Linux version 4.19.176 (den@notApc) (gcc version 8.3.0 (GNU Toolchain for the A-profile Architecture 8.3-2019.03 (arm-rel-8.36))) #2 SMP Wed Feb 24 16:40:30 EET 2021
[    0.000000] CPU: ARMv7 Processor [413fc082] revision 2 (ARMv7), cr=10c5387d
[    0.000000] CPU: PIPT / VIPT nonaliasing data cache, VIPT aliasing instruction cache
[    0.000000] OF: fdt: Machine model: TI AM335x BeagleBone Black
[    0.000000] Memory policy: Data cache writeback
[    0.000000] efi: Getting EFI parameters from FDT:
[    0.000000] efi: UEFI not found.
[    0.000000] cma: Reserved 64 MiB at 0x9b800000
[    0.000000] CPU: All CPU(s) started in SVC mode.
[    0.000000] AM335X ES2.1 (sgx neon)
[    0.000000] random: get_random_bytes called from start_kernel+0x9c/0x47c with crng_init=0
[    0.000000] percpu: Embedded 16 pages/cpu s36172 r8192 d21172 u65536
[    0.000000] Built 1 zonelists, mobility grouping on.  Total pages: 129540
[    0.000000] Kernel command line: console=ttyO0,115200n8 root=/dev/nfs nfsroot=192.168.0.1:/srv/nfs/busybox,nolock,nfsvers=3 rw ip=192.168.0.100
[    0.000000] Dentry cache hash table entries: 65536 (order: 6, 262144 bytes)
[    0.000000] Inode-cache hash table entries: 32768 (order: 5, 131072 bytes)
[    0.000000] Memory: 430380K/522240K available (12288K kernel code, 1618K rwdata, 4780K rodata, 2048K init, 394K bss, 26324K reserved, 65536K cma-reserved, 0K highmem)
[    0.000000] Virtual kernel memory layout:
[    0.000000]     vector  : 0xffff0000 - 0xffff1000   (   4 kB)
[    0.000000]     fixmap  : 0xffc00000 - 0xfff00000   (3072 kB)
[    0.000000]     vmalloc : 0xe0000000 - 0xff800000   ( 504 MB)
[    0.000000]     lowmem  : 0xc0000000 - 0xdfe00000   ( 510 MB)
[    0.000000]     pkmap   : 0xbfe00000 - 0xc0000000   (   2 MB)
[    0.000000]     modules : 0xbf000000 - 0xbfe00000   (  14 MB)
[    0.000000]       .text : 0x(ptrval) - 0x(ptrval)   (13280 kB)
[    0.000000]       .init : 0x(ptrval) - 0x(ptrval)   (2048 kB)
[    0.000000]       .data : 0x(ptrval) - 0x(ptrval)   (1619 kB)
[    0.000000]        .bss : 0x(ptrval) - 0x(ptrval)   ( 395 kB)
[    0.000000] SLUB: HWalign=64, Order=0-3, MinObjects=0, CPUs=1, Nodes=1
[    0.000000] rcu: Hierarchical RCU implementation.
[    0.000000] rcu: 	RCU event tracing is enabled.
[    0.000000] rcu: 	RCU restricting CPUs from NR_CPUS=16 to nr_cpu_ids=1.
[    0.000000] rcu: Adjusting geometry for rcu_fanout_leaf=16, nr_cpu_ids=1
[    0.000000] NR_IRQS: 16, nr_irqs: 16, preallocated irqs: 16
[    0.000000] IRQ: Found an INTC at 0x(ptrval) (revision 5.0) with 128 interrupts
[    0.000000] OMAP clockevent source: timer2 at 24000000 Hz
[    0.000015] sched_clock: 32 bits at 24MHz, resolution 41ns, wraps every 89478484971ns
[    0.000034] clocksource: timer1: mask: 0xffffffff max_cycles: 0xffffffff, max_idle_ns: 79635851949 ns
[    0.000045] OMAP clocksource: timer1 at 24000000 Hz
[    0.003776] timer_probe: no matching timers found
[    0.003973] Console: colour dummy device 80x30
[    0.004032] Calibrating delay loop... 996.14 BogoMIPS (lpj=4980736)
[    0.089202] pid_max: default: 32768 minimum: 301
[    0.089363] Mount-cache hash table entries: 1024 (order: 0, 4096 bytes)
[    0.089377] Mountpoint-cache hash table entries: 1024 (order: 0, 4096 bytes)
[    0.090021] CPU: Testing write buffer coherency: ok
[    0.090083] CPU0: Spectre v2: using BPIALL workaround
[    0.090433] CPU0: thread -1, cpu 0, socket -1, mpidr 0
[    0.091027] Setting up static identity map for 0x80300000 - 0x803000a0
[    0.092424] rcu: Hierarchical SRCU implementation.
[    0.095240] EFI services will not be available.
[    0.095419] smp: Bringing up secondary CPUs ...
[    0.095434] smp: Brought up 1 node, 1 CPU
[    0.095443] SMP: Total of 1 processors activated (996.14 BogoMIPS).
[    0.095451] CPU: All CPU(s) started in SVC mode.
[    0.096815] devtmpfs: initialized
[    0.104160] VFP support v0.3: implementor 41 architecture 3 part 30 variant c rev 3
[    0.104659] clocksource: jiffies: mask: 0xffffffff max_cycles: 0xffffffff, max_idle_ns: 19112604462750000 ns
[    0.104690] futex hash table entries: 256 (order: 2, 16384 bytes)
[    0.108632] pinctrl core: initialized pinctrl subsystem
[    0.110619] DMI not present or invalid.
[    0.111060] NET: Registered protocol family 16
[    0.113466] DMA: preallocated 256 KiB pool for atomic coherent allocations
[    0.140029] l4_wkup_cm:clk:0010:0: failed to disable
[    0.193827] cpuidle: using governor menu
[    0.201320] OMAP GPIO hardware version 0.1
[    0.213477] No ATAGs?
[    0.213488] hw-breakpoint: debug architecture 0x4 unsupported.
[    0.218787] Serial: AMBA PL011 UART driver
[    0.237532] edma 49000000.edma: TI EDMA DMA engine driver
[    0.241296] vgaarb: loaded
[    0.242126] SCSI subsystem initialized
[    0.242716] usbcore: registered new interface driver usbfs
[    0.242775] usbcore: registered new interface driver hub
[    0.242822] usbcore: registered new device driver usb
[    0.244404] pps_core: LinuxPPS API ver. 1 registered
[    0.244419] pps_core: Software ver. 5.3.6 - Copyright 2005-2007 Rodolfo Giometti <giometti@linux.it>
[    0.244442] PTP clock support registered
[    0.244611] EDAC MC: Ver: 3.0.0
[    0.247442] clocksource: Switched to clocksource timer1
[    0.312117] NET: Registered protocol family 2
[    0.312730] tcp_listen_portaddr_hash hash table entries: 512 (order: 0, 6144 bytes)
[    0.312759] TCP established hash table entries: 4096 (order: 2, 16384 bytes)
[    0.312802] TCP bind hash table entries: 4096 (order: 3, 32768 bytes)
[    0.312863] TCP: Hash tables configured (established 4096 bind 4096)
[    0.312967] UDP hash table entries: 256 (order: 1, 8192 bytes)
[    0.312991] UDP-Lite hash table entries: 256 (order: 1, 8192 bytes)
[    0.313122] NET: Registered protocol family 1
[    0.313782] RPC: Registered named UNIX socket transport module.
[    0.313796] RPC: Registered udp transport module.
[    0.313803] RPC: Registered tcp transport module.
[    0.313809] RPC: Registered tcp NFSv4.1 backchannel transport module.
[    0.314951] hw perfevents: enabled with armv7_cortex_a8 PMU driver, 5 counters available
[    0.317225] Initialise system trusted keyrings
[    0.317707] workingset: timestamp_bits=30 max_order=17 bucket_order=0
[    0.324443] squashfs: version 4.0 (2009/01/31) Phillip Lougher
[    0.325299] NFS: Registering the id_resolver key type
[    0.325339] Key type id_resolver registered
[    0.325347] Key type id_legacy registered
[    0.325388] ntfs: driver 2.1.32 [Flags: R/O].
[    0.327526] Key type asymmetric registered
[    0.327546] Asymmetric key parser 'x509' registered
[    0.327621] Block layer SCSI generic (bsg) driver version 0.4 loaded (major 246)
[    0.327635] io scheduler noop registered
[    0.327643] io scheduler deadline registered
[    0.327840] io scheduler cfq registered (default)
[    0.327851] io scheduler mq-deadline registered
[    0.327859] io scheduler kyber registered
[    0.333690] pinctrl-single 44e10800.pinmux: 142 pins, size 568
[    0.399458] Serial: 8250/16550 driver, 4 ports, IRQ sharing enabled
[    0.402882] SuperH (H)SCI(F) driver initialized
[    0.403762] msm_serial: driver initialized
[    0.404069] omap_uart 44e09000.serial: no wakeirq for uart0
[    0.404163] 44e09000.serial: ttyO0 at MMIO 0x44e09000 (irq = 30, base_baud = 3000000) is a OMAP UART0
[    1.091251] console [ttyO0] enabled
[    1.095524] STMicroelectronics ASC driver initialized
[    1.101900] STM32 USART driver initialized
[    1.107649] omap_rng 48310000.rng: Random Number Generator ver. 20
[    1.119977] random: fast init done
[    1.123662] random: crng init done
[    1.136962] brd: module loaded
[    1.147838] loop: module loaded
[    1.159913] libphy: Fixed MDIO Bus: probed
[    1.165304] CAN device driver interface
[    1.170356] bgmac_bcma: Broadcom 47xx GBit MAC driver loaded
[    1.177225] e1000e: Intel(R) PRO/1000 Network Driver - 3.2.6-k
[    1.183397] e1000e: Copyright(c) 1999 - 2015 Intel Corporation.
[    1.189694] igb: Intel(R) Gigabit Ethernet Network Driver - version 5.4.0-k
[    1.196985] igb: Copyright (c) 2007-2014 Intel Corporation.
[    1.277458] davinci_mdio 4a101000.mdio: davinci mdio revision 1.6, bus freq 1000000
[    1.285502] davinci_mdio 4a101000.mdio: detected phy mask fffffffe
[    1.293160] libphy: 4a101000.mdio: probed
[    1.297380] davinci_mdio 4a101000.mdio: phy[0]: device 4a101000.mdio:00, driver SMSC LAN8710/LAN8720
[    1.309492] cpsw 4a100000.ethernet: Detected MACID = 38:d2:69:9a:45:60
[    1.316575] cpsw 4a100000.ethernet: initialized cpsw ale version 1.4
[    1.323354] cpsw 4a100000.ethernet: ALE Table size 1024
[    1.330615] pegasus: v0.9.3 (2013/04/25), Pegasus/Pegasus II USB Ethernet driver
[    1.338558] usbcore: registered new interface driver pegasus
[    1.344546] usbcore: registered new interface driver asix
[    1.350274] usbcore: registered new interface driver ax88179_178a
[    1.356686] usbcore: registered new interface driver cdc_ether
[    1.362860] usbcore: registered new interface driver smsc75xx
[    1.368940] usbcore: registered new interface driver smsc95xx
[    1.374989] usbcore: registered new interface driver net1080
[    1.380972] usbcore: registered new interface driver cdc_subset
[    1.387201] usbcore: registered new interface driver zaurus
[    1.393116] usbcore: registered new interface driver cdc_ncm
[    1.401481] ehci_hcd: USB 2.0 'Enhanced' Host Controller (EHCI) Driver
[    1.408401] ehci-pci: EHCI PCI platform driver
[    1.413112] ehci-platform: EHCI generic platform driver
[    1.418848] ehci-omap: OMAP-EHCI Host Controller driver
[    1.424465] ehci-orion: EHCI orion driver
[    1.428866] SPEAr-ehci: EHCI SPEAr driver
[    1.433198] ehci-st: EHCI STMicroelectronics driver
[    1.438479] ehci-exynos: EHCI EXYNOS driver
[    1.442987] ehci-atmel: EHCI Atmel driver
[    1.447306] tegra-ehci: Tegra EHCI driver
[    1.451699] ohci_hcd: USB 1.1 'Open' Host Controller (OHCI) Driver
[    1.458243] ohci-pci: OHCI PCI platform driver
[    1.462968] ohci-platform: OHCI generic platform driver
[    1.468684] SPEAr-ohci: OHCI SPEAr driver
[    1.473024] ohci-st: OHCI STMicroelectronics driver
[    1.478312] ohci-atmel: OHCI Atmel driver
[    1.483216] usbcore: registered new interface driver usb-storage
[    1.489677] usbcore: registered new interface driver usbserial_generic
[    1.496541] usbserial: USB Serial support registered for generic
[    1.502892] usbcore: registered new interface driver ftdi_sio
[    1.508952] usbserial: USB Serial support registered for FTDI USB Serial Device
[    1.516635] usbcore: registered new interface driver pl2303
[    1.522511] usbserial: USB Serial support registered for pl2303
[    1.528761] usbcore: registered new interface driver usb_serial_simple
[    1.535618] usbserial: USB Serial support registered for carelink
[    1.542041] usbserial: USB Serial support registered for zio
[    1.548007] usbserial: USB Serial support registered for funsoft
[    1.554316] usbserial: USB Serial support registered for flashloader
[    1.561009] usbserial: USB Serial support registered for google
[    1.567235] usbserial: USB Serial support registered for libtransistor
[    1.574110] usbserial: USB Serial support registered for vivopay
[    1.580438] usbserial: USB Serial support registered for moto_modem
[    1.587021] usbserial: USB Serial support registered for motorola_tetra
[    1.593990] usbserial: USB Serial support registered for novatel_gps
[    1.600682] usbserial: USB Serial support registered for hp4x
[    1.606718] usbserial: USB Serial support registered for suunto
[    1.612955] usbserial: USB Serial support registered for siemens_mpi
[    1.625348] am335x-phy-driver 47401300.usb-phy: 47401300.usb-phy supply vcc not found, using dummy regulator
[    1.635904] am335x-phy-driver 47401300.usb-phy: Linked as a consumer to regulator.0
[    1.649515] am335x-phy-driver 47401b00.usb-phy: 47401b00.usb-phy supply vcc not found, using dummy regulator
[    1.660055] am335x-phy-driver 47401b00.usb-phy: Linked as a consumer to regulator.0
[    1.685882] i2c /dev entries driver
[    1.702734] sdhci: Secure Digital Host Controller Interface driver
[    1.709309] sdhci: Copyright(c) Pierre Ossman
[    1.715094] omap_gpio 44e07000.gpio: Could not set line 6 debounce to 200000 microseconds (-22)
[    1.724288] omap_hsmmc 48060000.mmc: Got CD GPIO
[    1.729660] omap_hsmmc 48060000.mmc: Linked as a consumer to regulator.1
[    1.761339] omap_hsmmc 481d8000.mmc: Linked as a consumer to regulator.1
[    1.793944] Synopsys Designware Multimedia Card Interface Driver
[    1.801811] sdhci-pltfm: SDHCI platform and OF driver helper
[    1.811613] ledtrig-cpu: registered to indicate activity on CPUs
[    1.819491] usbcore: registered new interface driver usbhid
[    1.825338] usbhid: USB HID core driver
[    1.834216] NET: Registered protocol family 10
[    1.840569] Segment Routing with IPv6
[    1.844491] sit: IPv6, IPv4 and MPLS over IPv4 tunneling driver
[    1.851494] NET: Registered protocol family 17
[    1.856212] can: controller area network core (rev 20170425 abi 9)
[    1.862822] NET: Registered protocol family 29
[    1.867506] can: raw protocol (rev 20170425)
[    1.871979] can: broadcast manager protocol (rev 20170425 t)
[    1.877928] can: netlink gateway (rev 20170425) max_hops=1
[    1.884332] Key type dns_resolver registered
[    1.889080] ThumbEE CPU extension supported.
[    1.893564] Registering SWP/SWPB emulation handler
[    1.898626] omap_voltage_late_init: Voltage driver support not added
[    1.907234] Loading compiled-in X.509 certificates
[    1.929692] mmc0: host does not support reading read-only switch, assuming write-enable
[    1.940143] mmc0: new high speed SDHC card at address 1234
[    1.946996] mmcblk0: mmc0:1234 SA08G 7.25 GiB 
[    1.954764]  mmcblk0: p1 p2
[    1.973693] tps65217 0-0024: TPS65217 ID 0xe version 1.2
[    1.980294] at24 0-0050: 32768 byte 24c256 EEPROM, writable, 1 bytes/write
[    1.988003] omap_i2c 44e0b000.i2c: bus 0 rev0.11 at 400 kHz
[    1.999643] mmc1: new high speed MMC card at address 0001
[    2.006361] mmcblk1: mmc1:0001 M62704 3.56 GiB 
[    2.011728] mmcblk1boot0: mmc1:0001 M62704 partition 1 2.00 MiB
[    2.018506] mmcblk1boot1: mmc1:0001 M62704 partition 2 2.00 MiB
[    2.025107] mmcblk1rpmb: mmc1:0001 M62704 partition 3 512 KiB, chardev (234:0)
[    2.038297]  mmcblk1: p1 p2
[    2.120856] omap_i2c 4819c000.i2c: bus 2 rev0.11 at 100 kHz
[    2.140174] musb-hdrc musb-hdrc.1: MUSB HDRC host driver
[    2.145783] musb-hdrc musb-hdrc.1: new USB bus registered, assigned bus number 1
[    2.153972] usb usb1: New USB device found, idVendor=1d6b, idProduct=0002, bcdDevice= 4.19
[    2.162694] usb usb1: New USB device strings: Mfr=3, Product=2, SerialNumber=1
[    2.170282] usb usb1: Product: MUSB HDRC host driver
[    2.175482] usb usb1: Manufacturer: Linux 4.19.176 musb-hcd
[    2.181334] usb usb1: SerialNumber: musb-hdrc.1
[    2.186771] hub 1-0:1.0: USB hub found
[    2.190835] hub 1-0:1.0: 1 port detected
[    2.196417] hctosys: unable to open rtc device (rtc0)
[    2.215494] net eth0: initializing cpsw version 1.12 (0)
[    2.318537] SMSC LAN8710/LAN8720 4a101000.mdio:00: attached PHY driver [SMSC LAN8710/LAN8720] (mii_bus:phy_addr=4a101000.mdio:00, irq=POLL)
[    2.337365] IPv6: ADDRCONF(NETDEV_UP): eth0: link is not ready
[    4.418340] cpsw 4a100000.ethernet eth0: Link is Up - 100Mbps/Full - flow control rx/tx
[    4.437462] IPv6: ADDRCONF(NETDEV_CHANGE): eth0: link becomes ready
[    4.467439] IP-Config: Guessing netmask 255.255.255.0
[    4.472737] IP-Config: Complete:
[    4.476120]      device=eth0, hwaddr=38:d2:69:9a:45:60, ipaddr=192.168.0.100, mask=255.255.255.0, gw=255.255.255.255
[    4.487285]      host=192.168.0.100, domain=, nis-domain=(none)
[    4.493510]      bootserver=255.255.255.255, rootserver=192.168.0.1, rootpath=
[    4.509617] VFS: Mounted root (nfs filesystem) on device 0:14.
[    4.516200] devtmpfs: mounted
[    4.522029] Freeing unused kernel memory: 2048K
[    4.528278] Run /sbin/init as init process
ProCamp: rcS executed

Please press Enter to activate this console. 
/ # list forcd /sys/kernel/task4_folder/
-/bin/sh: cd: can't cd to /sys/kernel/task4_folder/: No such file or directory
/ # insmod tas/ # insmod task4_module.ko 
[   81.662265] task4_module: loading out-of-tree module taints kernel.
/ # / # insmod task4_module.ko / # cd /sys/kernel/task4_folder/
/sys/kernel/task4_folder # echo item1 > list
/sys/kernel/task4_folder # cat list
[   97.470367] In list_for_each_entry
item1

/sys/kernel/task4_folder # /sys/kernel/task4_folder # cat list/sys/kernel/task4_folder # echo item1 > list > list2 > list > list
/sys/kernel/task4_folder # /sys/kernel/task4_folder # echo item2 > list2 > list3 > list > list
/sys/kernel/task4_folder # /sys/kernel/task4_folder # echo item3 > list/sys/kernel/task4_folder # echo item2 > list/sys/kernel/task4_folder # cat list
[  114.692655] In list_for_each_entry
[  114.696248] In list_for_each_entry
[  114.699944] In list_for_each_entry
item3

/sys/kernel/task4_folder # 
U-Boot SPL 2021.01-00002-gc17010150c (Feb 20 2021 - 12:45:37 +0200)
Trying to boot from MMC1


U-Boot 2021.01-00002-gc17010150c (Feb 20 2021 - 12:45:37 +0200)

CPU  : AM335X-GP rev 2.1
Model: TI AM335x BeagleBone Black
DRAM:  512 MiB
MMC:   OMAP SD/MMC: 0, OMAP SD/MMC: 1
Loading Environment from FAT... OK
Net:   eth2: ethernet@4a100000, eth3: usb_ether
Hit any key to stop autoboot:  2  1  0 
link up on port 0, speed 100, full duplex
Using ethernet@4a100000 device
TFTP from server 192.168.0.1; our IP address is 192.168.0.100
Filename 'zImage'.
Load address: 0x82000000
Loading: *#################################################################
	 #################################################################
	 #################################################################
	 #################################################################
	 #################################################################
	 #################################################################
	 #################################################################
	 #################################################################
	 #################################################################
	 ######################
	 4.1 MiB/s
done
Bytes transferred = 8909312 (87f200 hex)
link up on port 0, speed 100, full duplex
Using ethernet@4a100000 device
TFTP from server 192.168.0.1; our IP address is 192.168.0.100
Filename 'am335x-boneblack.dtb'.
Load address: 0x88000000
Loading: *###
	 3.7 MiB/s
done
Bytes transferred = 34782 (87de hex)
## Flattened Device Tree blob at 88000000
   Booting using the fdt blob at 0x88000000
   Loading Device Tree to 8fff4000, end 8ffff7dd ... OK

Starting kernel ...

[    0.000000] Booting Linux on physical CPU 0x0
[    0.000000] Linux version 4.19.176 (den@notApc) (gcc version 8.3.0 (GNU Toolchain for the A-profile Architecture 8.3-2019.03 (arm-rel-8.36))) #2 SMP Wed Feb 24 16:40:30 EET 2021
[    0.000000] CPU: ARMv7 Processor [413fc082] revision 2 (ARMv7), cr=10c5387d
[    0.000000] CPU: PIPT / VIPT nonaliasing data cache, VIPT aliasing instruction cache
[    0.000000] OF: fdt: Machine model: TI AM335x BeagleBone Black
[    0.000000] Memory policy: Data cache writeback
[    0.000000] efi: Getting EFI parameters from FDT:
[    0.000000] efi: UEFI not found.
[    0.000000] cma: Reserved 64 MiB at 0x9b800000
[    0.000000] CPU: All CPU(s) started in SVC mode.
[    0.000000] AM335X ES2.1 (sgx neon)
[    0.000000] random: get_random_bytes called from start_kernel+0x9c/0x47c with crng_init=0
[    0.000000] percpu: Embedded 16 pages/cpu s36172 r8192 d21172 u65536
[    0.000000] Built 1 zonelists, mobility grouping on.  Total pages: 129540
[    0.000000] Kernel command line: console=ttyO0,115200n8 root=/dev/nfs nfsroot=192.168.0.1:/srv/nfs/busybox,nolock,nfsvers=3 rw ip=192.168.0.100
[    0.000000] Dentry cache hash table entries: 65536 (order: 6, 262144 bytes)
[    0.000000] Inode-cache hash table entries: 32768 (order: 5, 131072 bytes)
[    0.000000] Memory: 430380K/522240K available (12288K kernel code, 1618K rwdata, 4780K rodata, 2048K init, 394K bss, 26324K reserved, 65536K cma-reserved, 0K highmem)
[    0.000000] Virtual kernel memory layout:
[    0.000000]     vector  : 0xffff0000 - 0xffff1000   (   4 kB)
[    0.000000]     fixmap  : 0xffc00000 - 0xfff00000   (3072 kB)
[    0.000000]     vmalloc : 0xe0000000 - 0xff800000   ( 504 MB)
[    0.000000]     lowmem  : 0xc0000000 - 0xdfe00000   ( 510 MB)
[    0.000000]     pkmap   : 0xbfe00000 - 0xc0000000   (   2 MB)
[    0.000000]     modules : 0xbf000000 - 0xbfe00000   (  14 MB)
[    0.000000]       .text : 0x(ptrval) - 0x(ptrval)   (13280 kB)
[    0.000000]       .init : 0x(ptrval) - 0x(ptrval)   (2048 kB)
[    0.000000]       .data : 0x(ptrval) - 0x(ptrval)   (1619 kB)
[    0.000000]        .bss : 0x(ptrval) - 0x(ptrval)   ( 395 kB)
[    0.000000] SLUB: HWalign=64, Order=0-3, MinObjects=0, CPUs=1, Nodes=1
[    0.000000] rcu: Hierarchical RCU implementation.
[    0.000000] rcu: 	RCU event tracing is enabled.
[    0.000000] rcu: 	RCU restricting CPUs from NR_CPUS=16 to nr_cpu_ids=1.
[    0.000000] rcu: Adjusting geometry for rcu_fanout_leaf=16, nr_cpu_ids=1
[    0.000000] NR_IRQS: 16, nr_irqs: 16, preallocated irqs: 16
[    0.000000] IRQ: Found an INTC at 0x(ptrval) (revision 5.0) with 128 interrupts
[    0.000000] OMAP clockevent source: timer2 at 24000000 Hz
[    0.000016] sched_clock: 32 bits at 24MHz, resolution 41ns, wraps every 89478484971ns
[    0.000034] clocksource: timer1: mask: 0xffffffff max_cycles: 0xffffffff, max_idle_ns: 79635851949 ns
[    0.000045] OMAP clocksource: timer1 at 24000000 Hz
[    0.003781] timer_probe: no matching timers found
[    0.003972] Console: colour dummy device 80x30
[    0.004032] Calibrating delay loop... 996.14 BogoMIPS (lpj=4980736)
[    0.089195] pid_max: default: 32768 minimum: 301
[    0.089356] Mount-cache hash table entries: 1024 (order: 0, 4096 bytes)
[    0.089370] Mountpoint-cache hash table entries: 1024 (order: 0, 4096 bytes)
[    0.090009] CPU: Testing write buffer coherency: ok
[    0.090071] CPU0: Spectre v2: using BPIALL workaround
[    0.090423] CPU0: thread -1, cpu 0, socket -1, mpidr 0
[    0.091010] Setting up static identity map for 0x80300000 - 0x803000a0
[    0.092399] rcu: Hierarchical SRCU implementation.
[    0.095213] EFI services will not be available.
[    0.095397] smp: Bringing up secondary CPUs ...
[    0.095411] smp: Brought up 1 node, 1 CPU
[    0.095420] SMP: Total of 1 processors activated (996.14 BogoMIPS).
[    0.095429] CPU: All CPU(s) started in SVC mode.
[    0.096792] devtmpfs: initialized
[    0.104150] VFP support v0.3: implementor 41 architecture 3 part 30 variant c rev 3
[    0.104659] clocksource: jiffies: mask: 0xffffffff max_cycles: 0xffffffff, max_idle_ns: 19112604462750000 ns
[    0.104690] futex hash table entries: 256 (order: 2, 16384 bytes)
